Archive member included to satisfy reference by file (symbol)

d:/stm32cubeide_1.12.0/stm32cubeide/plugins/com.st.stm32cube.ide.mcu.externaltools.gnu-tools-for-stm32.10.3-2021.10.win32_1.0.200.202301161003/tools/bin/../lib/gcc/arm-none-eabi/10.3.1/../../../../arm-none-eabi/lib/thumb/v7e-m+fp/hard\librdimon_nano.a(rdimon-syscalls.o)
                              d:/stm32cubeide_1.12.0/stm32cubeide/plugins/com.st.stm32cube.ide.mcu.externaltools.gnu-tools-for-stm32.10.3-2021.10.win32_1.0.200.202301161003/tools/bin/../lib/gcc/arm-none-eabi/10.3.1/../../../../arm-none-eabi/lib/thumb/v7e-m+fp/hard/rdimon-crt0.o (initialise_monitor_handles)
../Middlewares/ST/AI/Lib\NetworkRuntime800_CM4_GCC.a(ai_platform.o)
                              ./X-CUBE-AI/App/network.o (ai_buffer_array_item_set_address)
../Middlewares/ST/AI/Lib\NetworkRuntime800_CM4_GCC.a(ai_platform_interface.o)
                              ./X-CUBE-AI/App/network.o (ai_platform_get_weights_map)
../Middlewares/ST/AI/Lib\NetworkRuntime800_CM4_GCC.a(core_mem_manager.o)
                              ../Middlewares/ST/AI/Lib\NetworkRuntime800_CM4_GCC.a(ai_platform_interface.o) (core_mem_alloc)
../Middlewares/ST/AI/Lib\NetworkRuntime800_CM4_GCC.a(core_common.o)
                              ../Middlewares/ST/AI/Lib\NetworkRuntime800_CM4_GCC.a(ai_platform_interface.o) (core_init)
../Middlewares/ST/AI/Lib\NetworkRuntime800_CM4_GCC.a(layers_conv2d_generic_float.o)
                              ./X-CUBE-AI/App/network.o (forward_conv2d)
../Middlewares/ST/AI/Lib\NetworkRuntime800_CM4_GCC.a(layers_nl_generic_float.o)
                              ./X-CUBE-AI/App/network.o (nl_func_relu_array_f32)
../Middlewares/ST/AI/Lib\NetworkRuntime800_CM4_GCC.a(layers.o)
                              ../Middlewares/ST/AI/Lib\NetworkRuntime800_CM4_GCC.a(ai_platform_interface.o) (ai_check_custom_types)
../Middlewares/ST/AI/Lib\NetworkRuntime800_CM4_GCC.a(lite_dense_if32.o)
                              ../Middlewares/ST/AI/Lib\NetworkRuntime800_CM4_GCC.a(layers_conv2d_generic_float.o) (lite_dense_if32of32wf32)
../Middlewares/ST/AI/Lib\NetworkRuntime800_CM4_GCC.a(ai_math_helpers.o)
                              ../Middlewares/ST/AI/Lib\NetworkRuntime800_CM4_GCC.a(layers_nl_generic_float.o) (ai_math_sqrt)
../Middlewares/ST/AI/Lib\NetworkRuntime800_CM4_GCC.a(st_convolve_reference.o)
                              ../Middlewares/ST/AI/Lib\NetworkRuntime800_CM4_GCC.a(ai_math_helpers.o) (align_factor)
../Middlewares/ST/AI/Lib\NetworkRuntime800_CM4_GCC.a(arm_mat_init_f32.o)
                              ../Middlewares/ST/AI/Lib\NetworkRuntime800_CM4_GCC.a(layers_conv2d_generic_float.o) (arm_mat_init_f32)
../Middlewares/ST/AI/Lib\NetworkRuntime800_CM4_GCC.a(ai_datatypes_internal.o)
                              ../Middlewares/ST/AI/Lib\NetworkRuntime800_CM4_GCC.a(ai_platform_interface.o) (ai_version_get)
../Middlewares/ST/AI/Lib\NetworkRuntime800_CM4_GCC.a(ai_datatypes_format.o)
                              ../Middlewares/ST/AI/Lib\NetworkRuntime800_CM4_GCC.a(ai_platform_interface.o) (ai_array_to_buffer_fmt)
../Middlewares/ST/AI/Lib\NetworkRuntime800_CM4_GCC.a(layers_conv2d_stm32_integer.o)
                              ../Middlewares/ST/AI/Lib\NetworkRuntime800_CM4_GCC.a(layers.o) (get_conv2d_scratch_size)
../Middlewares/ST/AI/Lib\NetworkRuntime800_CM4_GCC.a(st_ssua8_convolve_dw.o)
                              ../Middlewares/ST/AI/Lib\NetworkRuntime800_CM4_GCC.a(layers_conv2d_stm32_integer.o) (st_ssua8_conv_dw_Wadapt)
../Middlewares/ST/AI/Lib\NetworkRuntime800_CM4_GCC.a(st_uaua8_ch_convolve.o)
                              ../Middlewares/ST/AI/Lib\NetworkRuntime800_CM4_GCC.a(layers_conv2d_stm32_integer.o) (st_uaua8_ch_convolve_rank1upd)
../Middlewares/ST/AI/Lib\NetworkRuntime800_CM4_GCC.a(st_ssua8_ch_convolve.o)
                              ../Middlewares/ST/AI/Lib\NetworkRuntime800_CM4_GCC.a(layers_conv2d_stm32_integer.o) (st_ssua8_ch_convolve_rank1upd)
../Middlewares/ST/AI/Lib\NetworkRuntime800_CM4_GCC.a(st_uaua8_convolve.o)
                              ../Middlewares/ST/AI/Lib\NetworkRuntime800_CM4_GCC.a(layers_conv2d_stm32_integer.o) (st_uaua8_convolve_rank1upd)
../Middlewares/ST/AI/Lib\NetworkRuntime800_CM4_GCC.a(st_ssua8_convolve.o)
                              ../Middlewares/ST/AI/Lib\NetworkRuntime800_CM4_GCC.a(layers_conv2d_stm32_integer.o) (st_ssua8_convolve_rank1upd)
../Middlewares/ST/AI/Lib\NetworkRuntime800_CM4_GCC.a(st_uaua8_ch_convolve_rgb.o)
                              ../Middlewares/ST/AI/Lib\NetworkRuntime800_CM4_GCC.a(layers_conv2d_stm32_integer.o) (st_uaua8_ch_convolve_rgb)
../Middlewares/ST/AI/Lib\NetworkRuntime800_CM4_GCC.a(st_uaua8_ch_convolve_dw.o)
                              ../Middlewares/ST/AI/Lib\NetworkRuntime800_CM4_GCC.a(layers_conv2d_stm32_integer.o) (st_uaua8_ch_conv_dw_Wadapt)
../Middlewares/ST/AI/Lib\NetworkRuntime800_CM4_GCC.a(st_ssua8_ch_convolve_rgb.o)
[...]
Memory Configuration

Name             Origin             Length             Attributes
RAM              0x0000000020000000 0x0000000000018000 xrw
RAM2             0x0000000010000000 0x0000000000008000 xrw
FLASH            0x0000000008000000 0x0000000000100000 xr
*default*        0x0000000000000000 0xffffffffffffffff

Linker script and memory map

LOAD d:/stm32cubeide_1.12.0/stm32cubeide/plugins/com.st.stm32cube.ide.mcu.externaltools.gnu-tools-for-stm32.10.3-2021.10.win32_1.0.200.202301161003/tools/bin/../lib/gcc/arm-none-eabi/10.3.1/thumb/v7e-m+fp/hard/crti.o
LOAD d:/stm32cubeide_1.12.0/stm32cubeide/plugins/com.st.stm32cube.ide.mcu.externaltools.gnu-tools-for-stm32.10.3-2021.10.win32_1.0.200.202301161003/tools/bin/../lib/gcc/arm-none-eabi/10.3.1/thumb/v7e-m+fp/hard/crtbegin.o
LOAD d:/stm32cubeide_1.12.0/stm32cubeide/plugins/com.st.stm32cube.ide.mcu.externaltools.gnu-tools-for-stm32.10.3-2021.10.win32_1.0.200.202301161003/tools/bin/../lib/gcc/arm-none-eabi/10.3.1/../../../../arm-none-eabi/lib/thumb/v7e-m+fp/hard/rdimon-crt0.o
LOAD ./Core/Src/cyclic.o
LOAD ./Core/Src/hal_config.o
LOAD ./Core/Src/main.o
LOAD ./Core/Src/sensor_config.o
LOAD ./Core/Src/stm32l4xx_hal_msp.o
LOAD ./Core/Src/stm32l4xx_it.o
LOAD ./Core/Src/sysmem.o
LOAD ./Core/Src/system_stm32l4xx.o
LOAD ./Core/Src/wifi.o
LOAD ./Core/Startup/startup_stm32l475vgtx.o
LOAD ./Drivers/BSP/B-L475E-IOT01/stm32l475e_iot01.o
LOAD ./Drivers/BSP/B-L475E-IOT01/stm32l475e_iot01_accelero.o
LOAD ./Drivers/BSP/B-L475E-IOT01/stm32l475e_iot01_gyro.o
LOAD ./Drivers/BSP/B-L475E-IOT01/stm32l475e_iot01_hsensor.o
LOAD ./Drivers/BSP/B-L475E-IOT01/stm32l475e_iot01_magneto.o
LOAD ./Drivers/BSP/B-L475E-IOT01/stm32l475e_iot01_psensor.o
LOAD ./Drivers/BSP/B-L475E-IOT01/stm32l475e_iot01_tsensor.o
LOAD ./Drivers/BSP/Components/M24SR/m24sr_v1.1.o
LOAD ./Drivers/BSP/Components/es_wifi/es_wifi.o
LOAD ./Drivers/BSP/Components/hts221/hts221.o
LOAD ./Drivers/BSP/Components/lis3mdl/lis3mdl.o
LOAD ./Drivers/BSP/Components/lps22hb/lps22hb.o
LOAD ./Drivers/BSP/Components/lsm6dsl/lsm6dsl.o
LOAD ./Drivers/STM32L4xx_HAL_Driver/Src/stm32l4xx_hal.o
LOAD ./Drivers/STM32L4xx_HAL_Driver/Src/stm32l4xx_hal_cortex.o
LOAD ./Drivers/STM32L4xx_HAL_Driver/Src/stm32l4xx_hal_dfsdm.o
LOAD ./Drivers/STM32L4xx_HAL_Driver/Src/stm32l4xx_hal_dma.o
LOAD ./Drivers/STM32L4xx_HAL_Driver/Src/stm32l4xx_hal_dma_ex.o
LOAD ./Drivers/STM32L4xx_HAL_Driver/Src/stm32l4xx_hal_exti.o
LOAD ./Drivers/STM32L4xx_HAL_Driver/Src/stm32l4xx_hal_flash.o
LOAD ./Drivers/STM32L4xx_HAL_Driver/Src/stm32l4xx_hal_flash_ex.o
LOAD ./Drivers/STM32L4xx_HAL_Driver/Src/stm32l4xx_hal_flash_ramfunc.o
LOAD ./Drivers/STM32L4xx_HAL_Driver/Src/stm32l4xx_hal_gpio.o
LOAD ./Drivers/STM32L4xx_HAL_Driver/Src/stm32l4xx_hal_i2c.o
LOAD ./Drivers/STM32L4xx_HAL_Driver/Src/stm32l4xx_hal_i2c_ex.o
LOAD ./Drivers/STM32L4xx_HAL_Driver/Src/stm32l4xx_hal_pcd.o
LOAD ./Drivers/STM32L4xx_HAL_Driver/Src/stm32l4xx_hal_pcd_ex.o
LOAD ./Drivers/STM32L4xx_HAL_Driver/Src/stm32l4xx_hal_pwr.o
LOAD ./Drivers/STM32L4xx_HAL_Driver/Src/stm32l4xx_hal_pwr_ex.o
LOAD ./Drivers/STM32L4xx_HAL_Driver/Src/stm32l4xx_hal_qspi.o
LOAD ./Drivers/STM32L4xx_HAL_Driver/Src/stm32l4xx_hal_rcc.o
LOAD ./Drivers/STM32L4xx_HAL_Driver/Src/stm32l4xx_hal_rcc_ex.o
LOAD ./Drivers/STM32L4xx_HAL_Driver/Src/stm32l4xx_hal_spi.o
LOAD ./Drivers/STM32L4xx_HAL_Driver/Src/stm32l4xx_hal_spi_ex.o
LOAD ./Drivers/STM32L4xx_HAL_Driver/Src/stm32l4xx_hal_tim.o
LOAD ./Drivers/STM32L4xx_HAL_Driver/Src/stm32l4xx_hal_tim_ex.o
LOAD ./Drivers/STM32L4xx_HAL_Driver/Src/stm32l4xx_hal_uart.o
LOAD ./Drivers/STM32L4xx_HAL_Driver/Src/stm32l4xx_hal_uart_ex.o
LOAD ./Drivers/STM32L4xx_HAL_Driver/Src/stm32l4xx_ll_usb.o
LOAD ./X-CUBE-AI/App/network.o
LOAD ./X-CUBE-AI/App/network_data.o
LOAD ./X-CUBE-AI/App/network_data_params.o
LOAD d:/stm32cubeide_1.12.0/stm32cubeide/plugins/com.st.stm32cube.ide.mcu.externaltools.gnu-tools-for-stm32.10.3-2021.10.win32_1.0.200.202301161003/tools/bin/../lib/gcc/arm-none-eabi/10.3.1/../../../../arm-none-eabi/lib/thumb/v7e-m+fp/hard\librdimon_nano.a
LOAD ../Middlewares/ST/AI/Lib\NetworkRuntime800_CM4_GCC.a
START GROUP
LOAD d:/stm32cubeide_1.12.0/stm32cubeide/plugins/com.st.stm32cube.ide.mcu.externaltools.gnu-tools-for-stm32.10.3-2021.10.win32_1.0.200.202301161003/tools/bin/../lib/gcc/arm-none-eabi/10.3.1/../../../../arm-none-eabi/lib/thumb/v7e-m+fp/hard\libc_nano.a
LOAD d:/stm32cubeide_1.12.0/stm32cubeide/plugins/com.st.stm32cube.ide.mcu.externaltools.gnu-tools-for-stm32.10.3-2021.10.win32_1.0.200.202301161003/tools/bin/../lib/gcc/arm-none-eabi/10.3.1/../../../../arm-none-eabi/lib/thumb/v7e-m+fp/hard\libm.a
END GROUP
START GROUP
LOAD d:/stm32cubeide_1.12.0/stm32cubeide/plugins/com.st.stm32cube.ide.mcu.externaltools.gnu-tools-for-stm32.10.3-2021.10.win32_1.0.200.202301161003/tools/bin/../lib/gcc/arm-none-eabi/10.3.1/thumb/v7e-m+fp/hard\libgcc.a
LOAD d:/stm32cubeide_1.12.0/stm32cubeide/plugins/com.st.stm32cube.ide.mcu.externaltools.gnu-tools-for-stm32.10.3-2021.10.win32_1.0.200.202301161003/tools/bin/../lib/gcc/arm-none-eabi/10.3.1/../../../../arm-none-eabi/lib/thumb/v7e-m+fp/hard\libc_nano.a
END GROUP
START GROUP
LOAD d:/stm32cubeide_1.12.0/stm32cubeide/plugins/com.st.stm32cube.ide.mcu.externaltools.gnu-tools-for-stm32.10.3-2021.10.win32_1.0.200.202301161003/tools/bin/../lib/gcc/arm-none-eabi/10.3.1/thumb/v7e-m+fp/hard\libgcc.a
LOAD d:/stm32cubeide_1.12.0/stm32cubeide/plugins/com.st.stm32cube.ide.mcu.externaltools.gnu-tools-for-stm32.10.3-2021.10.win32_1.0.200.202301161003/tools/bin/../lib/gcc/arm-none-eabi/10.3.1/../../../../arm-none-eabi/lib/thumb/v7e-m+fp/hard\libc_nano.a
LOAD d:/stm32cubeide_1.12.0/stm32cubeide/plugins/com.st.stm32cube.ide.mcu.externaltools.gnu-tools-for-stm32.10.3-2021.10.win32_1.0.200.202301161003/tools/bin/../lib/gcc/arm-none-eabi/10.3.1/../../../../arm-none-eabi/lib/thumb/v7e-m+fp/hard\libnosys.a
END GROUP
START GROUP
LOAD d:/stm32cubeide_1.12.0/stm32cubeide/plugins/com.st.stm32cube.ide.mcu.externaltools.gnu-tools-for-stm32.10.3-2021.10.win32_1.0.200.202301161003/tools/bin/../lib/gcc/arm-none-eabi/10.3.1/thumb/v7e-m+fp/hard\libgcc.a
LOAD d:/stm32cubeide_1.12.0/stm32cubeide/plugins/com.st.stm32cube.ide.mcu.externaltools.gnu-tools-for-stm32.10.3-2021.10.win32_1.0.200.202301161003/tools/bin/../lib/gcc/arm-none-eabi/10.3.1/../../../../arm-none-eabi/lib/thumb/v7e-m+fp/hard\libc_nano.a
LOAD d:/stm32cubeide_1.12.0/stm32cubeide/plugins/com.st.stm32cube.ide.mcu.externaltools.gnu-tools-for-stm32.10.3-2021.10.win32_1.0.200.202301161003/tools/bin/../lib/gcc/arm-none-eabi/10.3.1/../../../../arm-none-eabi/lib/thumb/v7e-m+fp/hard\librdimon_nano.a
END GROUP
START GROUP
LOAD d:/stm32cubeide_1.12.0/stm32cubeide/plugins/com.st.stm32cube.ide.mcu.externaltools.gnu-tools-for-stm32.10.3-2021.10.win32_1.0.200.202301161003/tools/bin/../lib/gcc/arm-none-eabi/10.3.1/thumb/v7e-m+fp/hard\libgcc.a
LOAD d:/stm32cubeide_1.12.0/stm32cubeide/plugins/com.st.stm32cube.ide.mcu.externaltools.gnu-tools-for-stm32.10.3-2021.10.win32_1.0.200.202301161003/tools/bin/../lib/gcc/arm-none-eabi/10.3.1/../../../../arm-none-eabi/lib/thumb/v7e-m+fp/hard\libc_nano.a
LOAD d:/stm32cubeide_1.12.0/stm32cubeide/plugins/com.st.stm32cube.ide.mcu.externaltools.gnu-tools-for-stm32.10.3-2021.10.win32_1.0.200.202301161003/tools/bin/../lib/gcc/arm-none-eabi/10.3.1/../../../../arm-none-eabi/lib/thumb/v7e-m+fp/hard\librdimon_nano.a
LOAD d:/stm32cubeide_1.12.0/stm32cubeide/plugins/com.st.stm32cube.ide.mcu.externaltools.gnu-tools-for-stm32.10.3-2021.10.win32_1.0.200.202301161003/tools/bin/../lib/gcc/arm-none-eabi/10.3.1/../../../../arm-none-eabi/lib/thumb/v7e-m+fp/hard\libnosys.a
END GROUP
LOAD d:/stm32cubeide_1.12.0/stm32cubeide/plugins/com.st.stm32cube.ide.mcu.externaltools.gnu-tools-for-stm32.10.3-2021.10.win32_1.0.200.202301161003/tools/bin/../lib/gcc/arm-none-eabi/10.3.1/thumb/v7e-m+fp/hard/crtend.o
LOAD d:/stm32cubeide_1.12.0/stm32cubeide/plugins/com.st.stm32cube.ide.mcu.externaltools.gnu-tools-for-stm32.10.3-2021.10.win32_1.0.200.202301161003/tools/bin/../lib/gcc/arm-none-eabi/10.3.1/thumb/v7e-m+fp/hard/crtn.o
                0x0000000020018000                _estack = (ORIGIN (RAM) + LENGTH (RAM))
                0x0000000000000400                _Min_Heap_Size = 0x400
                0x0000000000000400                _Min_Stack_Size = 0x400

.isr_vector     0x0000000008000000      0x188
                0x0000000008000000                . = ALIGN (0x4)
 *(.isr_vector)
 .isr_vector    0x0000000008000000      0x188 ./Core/Startup/startup_stm32l475vgtx.o
                0x0000000008000000                g_pfnVectors
                0x0000000008000188                . = ALIGN (0x4)

.text           0x0000000008000190     0xf160
                0x0000000008000190                . = ALIGN (0x4)
 *(.text)
 .text          0x0000000008000190       0x40 d:/stm32cubeide_1.12.0/stm32cubeide/plugins/com.st.stm32cube.ide.mcu.externaltools.gnu-tools-for-stm32.10.3-2021.10.win32_1.0.200.202301161003/tools/bin/../lib/gcc/arm-none-eabi/10.3.1/thumb/v7e-m+fp/hard/crtbegin.o
 .text          0x00000000080001d0       0x14 d:/stm32cubeide_1.12.0/stm32cubeide/plugins/com.st.stm32cube.ide.mcu.externaltools.gnu-tools-for-stm32.10.3-2021.10.win32_1.0.200.202301161003/tools/bin/../lib/gcc/arm-none-eabi/10.3.1/../../../../arm-none-eabi/lib/thumb/v7e-m+fp/hard\libc_nano.a(lib_a-strcmp.o)
                0x00000000080001d0                strcmp
 .text          0x00000000080001e4       0x10 d:/stm32cubeide_1.12.0/stm32cubeide/plugins/com.st.stm32cube.ide.mcu.externaltools.gnu-tools-for-stm32.10.3-2021.10.win32_1.0.200.202301161003/tools/bin/../lib/gcc/arm-none-eabi/10.3.1/../../../../arm-none-eabi/lib/thumb/v7e-m+fp/hard\libc_nano.a(lib_a-strlen.o)
                0x00000000080001e4                strlen
 *fill*         0x00000000080001f4        0xc 
 .text          0x0000000008000200       0xa0 d:/stm32cubeide_1.12.0/stm32cubeide/plugins/com.st.stm32cube.ide.mcu.externaltools.gnu-tools-for-stm32.10.3-2021.10.win32_1.0.200.202301161003/tools/bin/../lib/gcc/arm-none-eabi/10.3.1/../../../../arm-none-eabi/lib/thumb/v7e-m+fp/hard\libc_nano.a(lib_a-memchr.o)
                0x0000000008000200                memchr
 .text          0x00000000080002a0      0x378 d:/stm32cubeide_1.12.0/stm32cubeide/plugins/com.st.stm32cube.ide.mcu.externaltools.gnu-tools-for-stm32.10.3-2021.10.win32_1.0.200.202301161003/tools/bin/../lib/gcc/arm-none-eabi/10.3.1/thumb/v7e-m+fp/hard\libgcc.a(_arm_addsubdf3.o)
                0x00000000080002a0                __aeabi_drsub
                0x00000000080002a8                __aeabi_dsub
                0x00000000080002a8                __subdf3
                0x00000000080002ac                __aeabi_dadd
                0x00000000080002ac                __adddf3
                0x0000000008000524                __floatunsidf
                0x0000000008000524                __aeabi_ui2d
                0x0000000008000544                __floatsidf
                0x0000000008000544                __aeabi_i2d
                0x0000000008000568                __aeabi_f2d
                0x0000000008000568                __extendsfdf2
                0x00000000080005ac                __floatundidf
                0x00000000080005ac                __aeabi_ul2d
                0x00000000080005bc                __floatdidf
                0x00000000080005bc                __aeabi_l2d
 .text          0x0000000008000618      0x424 d:/stm32cubeide_1.12.0/stm32cubeide/plugins/com.st.stm32cube.ide.mcu.externaltools.gnu-tools-for-stm32.10.3-2021.10.win32_1.0.200.202301161003/tools/bin/../lib/gcc/arm-none-eabi/10.3.1/thumb/v7e-m+fp/hard\libgcc.a(_arm_muldivdf3.o)
                0x0000000008000618                __aeabi_dmul
                0x0000000008000618                __muldf3
                0x000000000800086c                __divdf3
                0x000000000800086c                __aeabi_ddiv
 .text          0x0000000008000a3c      0x110 d:/stm32cubeide_1.12.0/stm32cubeide/plugins/com.st.stm32cube.ide.mcu.externaltools.gnu-tools-for-stm32.10.3-2021.10.win32_1.0.200.202301161003/tools/bin/../lib/gcc/arm-none-eabi/10.3.1/thumb/v7e-m+fp/hard\libgcc.a(_arm_cmpdf2.o)
                0x0000000008000a3c                __gtdf2
                0x0000000008000a3c                __gedf2
                0x0000000008000a44                __ltdf2
                0x0000000008000a44                __ledf2
                0x0000000008000a4c                __nedf2
                0x0000000008000a4c                __eqdf2
                0x0000000008000a4c                __cmpdf2
                0x0000000008000ac8                __aeabi_cdrcmple
                0x0000000008000ad8                __aeabi_cdcmpeq
                0x0000000008000ad8                __aeabi_cdcmple
                0x0000000008000ae8                __aeabi_dcmpeq
                0x0000000008000afc                __aeabi_dcmplt
                0x0000000008000b10                __aeabi_dcmple
                0x0000000008000b24                __aeabi_dcmpge
                0x0000000008000b38                __aeabi_dcmpgt
 .text          0x0000000008000b4c       0x2c d:/stm32cubeide_1.12.0/stm32cubeide/plugins/com.st.stm32cube.ide.mcu.externaltools.gnu-tools-for-stm32.10.3-2021.10.win32_1.0.200.202301161003/tools/bin/../lib/gcc/arm-none-eabi/10.3.1/thumb/v7e-m+fp/hard\libgcc.a(_arm_unorddf2.o)
                0x0000000008000b4c                __unorddf2
                0x0000000008000b4c                __aeabi_dcmpun
 .text          0x0000000008000b78       0x50 d:/stm32cubeide_1.12.0/stm32cubeide/plugins/com.st.stm32cube.ide.mcu.externaltools.gnu-tools-for-stm32.10.3-2021.10.win32_1.0.200.202301161003/tools/bin/../lib/gcc/arm-none-eabi/10.3.1/thumb/v7e-m+fp/hard\libgcc.a(_arm_fixdfsi.o)
                0x0000000008000b78                __aeabi_d2iz
                0x0000000008000b78                __fixdfsi
 .text          0x0000000008000bc8       0x30 d:/stm32cubeide_1.12.0/stm32cubeide/plugins/com.st.stm32cube.ide.mcu.externaltools.gnu-tools-for-stm32.10.3-2021.10.win32_1.0.200.202301161003/tools/bin/../lib/gcc/arm-none-eabi/10.3.1/thumb/v7e-m+fp/hard\libgcc.a(_aeabi_uldivmod.o)
                0x0000000008000bc8                __aeabi_uldivmod
 .text          0x0000000008000bf8      0x2d0 d:/stm32cubeide_1.12.0/stm32cubeide/plugins/com.st.stm32cube.ide.mcu.externaltools.gnu-tools-for-stm32.10.3-2021.10.win32_1.0.200.202301161003/tools/bin/../lib/gcc/arm-none-eabi/10.3.1/thumb/v7e-m+fp/hard\libgcc.a(_udivmoddi4.o)
                0x0000000008000bf8                __udivmoddi4
 .text          0x0000000008000ec8        0x4 d:/stm32cubeide_1.12.0/stm32cubeide/plugins/com.st.stm32cube.ide.mcu.externaltools.gnu-tools-for-stm32.10.3-2021.10.win32_1.0.200.202301161003/tools/bin/../lib/gcc/arm-none-eabi/10.3.1/thumb/v7e-m+fp/hard\libgcc.a(_dvmd_tls.o)
                0x0000000008000ec8                __aeabi_idiv0
                0x0000000008000ec8                __aeabi_ldiv0
 *(.text*)
 .text.gcd      0x0000000008000ecc       0x54 ./Core/Src/cyclic.o
                0x0000000008000ecc                gcd
 .text.registerTask
                0x0000000008000f20       0xc0 ./Core/Src/cyclic.o
                0x0000000008000f20                registerTask
 .text.task_scheduler_tick_reset
                0x0000000008000fe0       0x60 ./Core/Src/cyclic.o
                0x0000000008000fe0                task_scheduler_tick_reset
 .text.changeMode
                0x0000000008001040      0x1e0 ./Core/Src/cyclic.o
 .text.task_scheduler
                0x0000000008001220      0x1b4 ./Core/Src/cyclic.o
                0x0000000008001220                task_scheduler
 .text.lcm      0x00000000080013d4       0x3e ./Core/Src/cyclic.o
                0x00000000080013d4                lcm
 *fill*         0x0000000008001412        0x2 
 .text.buildFastMatrix
                0x0000000008001414      0x8cc ./Core/Src/cyclic.o
                0x0000000008001414                buildFastMatrix
 .text.recoverDelayMark
                0x0000000008001ce0      0x17c ./Core/Src/cyclic.o
                0x0000000008001ce0                recoverDelayMark
 .text.showFastMatrix
                0x0000000008001e5c      0x1f4 ./Core/Src/cyclic.o
                0x0000000008001e5c                showFastMatrix
 .text.Error_Handler
                0x0000000008002050       0x20 ./Core/Src/hal_config.o
                0x0000000008002050                Error_Handler
 .text.SystemClock_Config
                0x0000000008002070       0xa2 ./Core/Src/hal_config.o
                0x0000000008002070                SystemClock_Config
 *fill*         0x0000000008002112        0x2 
 .text.HAL_GPIO_EXTI_Callback
                0x0000000008002114       0xb8 ./Core/Src/hal_config.o
                0x0000000008002114                HAL_GPIO_EXTI_Callback
 .text.timerDelay
                0x00000000080021cc       0x38 ./Core/Src/hal_config.o
                0x00000000080021cc                timerDelay
 .text.MX_GPIO_Init
                0x0000000008002204       0xc4 ./Core/Src/hal_config.o
 .text.MX_SPI3_Init
                0x00000000080022c8       0x7c ./Core/Src/hal_config.o
 .text.hal_Init
                0x0000000008002344      0x28c ./Core/Src/hal_config.o
                0x0000000008002344                hal_Init
 .text.HAL_TIM_Base_MspInit
                0x00000000080025d0       0xa8 ./Core/Src/hal_config.o
                0x00000000080025d0                HAL_TIM_Base_MspInit
 .text.HAL_TIM_PeriodElapsedCallback
                0x0000000008002678       0x50 ./Core/Src/hal_config.o
                0x0000000008002678                HAL_TIM_PeriodElapsedCallback
 .text.TIM1_UP_TIM16_IRQHandler
                0x00000000080026c8       0x14 ./Core/Src/hal_config.o
                0x00000000080026c8                TIM1_UP_TIM16_IRQHandler
 .text.TIM2_IRQHandler
                0x00000000080026dc       0x14 ./Core/Src/hal_config.o
                0x00000000080026dc                TIM2_IRQHandler
 .text.AI_Init  0x00000000080026f0       0xb4 ./Core/Src/main.o
 .text.AI_Run   0x00000000080027a4       0x94 ./Core/Src/main.o
 .text.argmax   0x0000000008002838       0x60 ./Core/Src/main.o
 .text.WIFI_Init_main
                0x0000000008002898       0x50 ./Core/Src/main.o
 .text.taskAcc  0x00000000080028e8      0x268 ./Core/Src/main.o
                0x00000000080028e8                taskAcc
 .text.taskTemp
                0x0000000008002b50       0x70 ./Core/Src/main.o
                0x0000000008002b50                taskTemp
 .text.taskHumi
                0x0000000008002bc0       0x70 ./Core/Src/main.o
                0x0000000008002bc0                taskHumi
 .text.taskSendMessage
                0x0000000008002c30       0x8c ./Core/Src/main.o
                0x0000000008002c30                taskSendMessage
 .text.main     0x0000000008002cbc      0x108 ./Core/Src/main.o
                0x0000000008002cbc                main
 .text.lsm6dsl_relative_tilt_intr_en
                0x0000000008002dc4       0x4a ./Core/Src/sensor_config.o
                0x0000000008002dc4                lsm6dsl_relative_tilt_intr_en
 .text.sensor_config
                0x0000000008002e0e        0xc ./Core/Src/sensor_config.o
                0x0000000008002e0e                sensor_config
 *fill*         0x0000000008002e1a        0x2 
 .text.HAL_MspInit
                0x0000000008002e1c       0x48 ./Core/Src/stm32l4xx_hal_msp.o
                0x0000000008002e1c                HAL_MspInit
 .text.HAL_I2C_MspInit
                0x0000000008002e64       0x88 ./Core/Src/stm32l4xx_hal_msp.o
                0x0000000008002e64                HAL_I2C_MspInit
 .text.HAL_I2C_MspDeInit
                0x0000000008002eec       0x3c ./Core/Src/stm32l4xx_hal_msp.o
                0x0000000008002eec                HAL_I2C_MspDeInit
 .text.HAL_SPI_MspInit
                0x0000000008002f28       0x88 ./Core/Src/stm32l4xx_hal_msp.o
                0x0000000008002f28                HAL_SPI_MspInit
 .text.HAL_UART_MspInit
                0x0000000008002fb0       0xec ./Core/Src/stm32l4xx_hal_msp.o
                0x0000000008002fb0                HAL_UART_MspInit
 .text.NMI_Handler
                0x000000000800309c        0xe ./Core/Src/stm32l4xx_it.o
                0x000000000800309c                NMI_Handler
 .text.HardFault_Handler
                0x00000000080030aa        0x6 ./Core/Src/stm32l4xx_it.o
                0x00000000080030aa                HardFault_Handler
 .text.MemManage_Handler
                0x00000000080030b0        0x6 ./Core/Src/stm32l4xx_it.o
                0x00000000080030b0                MemManage_Handler
 .text.BusFault_Handler
                0x00000000080030b6        0x6 ./Core/Src/stm32l4xx_it.o
                0x00000000080030b6                BusFault_Handler
 .text.UsageFault_Handler
                0x00000000080030bc        0x6 ./Core/Src/stm32l4xx_it.o
                0x00000000080030bc                UsageFault_Handler
 .text.SVC_Handler
                0x00000000080030c2        0xe ./Core/Src/stm32l4xx_it.o
                0x00000000080030c2                SVC_Handler
 .text.DebugMon_Handler
                0x00000000080030d0        0xe ./Core/Src/stm32l4xx_it.o
                0x00000000080030d0                DebugMon_Handler
 .text.PendSV_Handler
                0x00000000080030de        0xe ./Core/Src/stm32l4xx_it.o
                0x00000000080030de                PendSV_Handler
 .text.SysTick_Handler
                0x00000000080030ec        0xc ./Core/Src/stm32l4xx_it.o
                0x00000000080030ec                SysTick_Handler
 .text.EXTI9_5_IRQHandler
                0x00000000080030f8       0x22 ./Core/Src/stm32l4xx_it.o
                0x00000000080030f8                EXTI9_5_IRQHandler
 .text.EXTI15_10_IRQHandler
                0x000000000800311a       0x30 ./Core/Src/stm32l4xx_it.o
                0x000000000800311a                EXTI15_10_IRQHandler
 .text.EXTI1_IRQHandler
                0x000000000800314a        0xe ./Core/Src/stm32l4xx_it.o
                0x000000000800314a                EXTI1_IRQHandler
 .text._sbrk    0x0000000008003158       0x58 ./Core/Src/sysmem.o
                0x0000000008003158                _sbrk
 .text.SystemInit
                0x00000000080031b0       0x6c ./Core/Src/system_stm32l4xx.o
                0x00000000080031b0                SystemInit
 .text.WIFI_DEBUG
                0x000000000800321c       0x90 ./Core/Src/wifi.o
                0x000000000800321c                WIFI_DEBUG
 .text.WIFI_SPI_Receive
                0x00000000080032ac       0x78 ./Core/Src/wifi.o
                0x00000000080032ac                WIFI_SPI_Receive
 .text.WIFI_SPI_Transmit
                0x0000000008003324       0xb4 ./Core/Src/wifi.o
                0x0000000008003324                WIFI_SPI_Transmit
 .text.WIFI_Init
                0x00000000080033d8       0xe8 ./Core/Src/wifi.o
                0x00000000080033d8                WIFI_Init
 .text.WIFI_SendATCommand
                0x00000000080034c0       0xbc ./Core/Src/wifi.o
                0x00000000080034c0                WIFI_SendATCommand
 .text.WIFI_SendATData
                0x000000000800357c       0xc4 ./Core/Src/wifi.o
                0x000000000800357c                WIFI_SendATData
 .text.WIFI_JoinNetwork
                0x0000000008003640      0x20c ./Core/Src/wifi.o
                0x0000000008003640                WIFI_JoinNetwork
 .text.WIFI_ConnectServer
                0x000000000800384c       0xe0 ./Core/Src/wifi.o
                0x000000000800384c                WIFI_ConnectServer
 .text.WIFI_SendStr
                0x000000000800392c      0x10c ./Core/Src/wifi.o
                0x000000000800392c                WIFI_SendStr
 .text.trimstr  0x0000000008003a38      0x116 ./Core/Src/wifi.o
                0x0000000008003a38                trimstr
 *fill*         0x0000000008003b4e        0x2 
 .text.Reset_Handler
                0x0000000008003b50       0x50 ./Core/Startup/startup_stm32l475vgtx.o
                0x0000000008003b50                Reset_Handler
 .text.Default_Handler
                0x0000000008003ba0        0x2 ./Core/Startup/startup_stm32l475vgtx.o
                0x0000000008003ba0                RTC_Alarm_IRQHandler
                0x0000000008003ba0                EXTI2_IRQHandler
                0x0000000008003ba0                TIM8_TRG_COM_IRQHandler
                0x0000000008003ba0                TIM8_CC_IRQHandler
                0x0000000008003ba0                TIM1_CC_IRQHandler
                0x0000000008003ba0                TSC_IRQHandler
                0x0000000008003ba0                TAMP_STAMP_IRQHandler
                0x0000000008003ba0                EXTI3_IRQHandler
                0x0000000008003ba0                LPTIM2_IRQHandler
                0x0000000008003ba0                DFSDM1_FLT1_IRQHandler
                0x0000000008003ba0                I2C3_ER_IRQHandler
                0x0000000008003ba0                DFSDM1_FLT2_IRQHandler
                0x0000000008003ba0                EXTI0_IRQHandler
                0x0000000008003ba0                I2C2_EV_IRQHandler
                0x0000000008003ba0                CAN1_RX0_IRQHandler
                0x0000000008003ba0                FPU_IRQHandler
                0x0000000008003ba0                ADC1_2_IRQHandler
                0x0000000008003ba0                SPI1_IRQHandler
                0x0000000008003ba0                TIM6_DAC_IRQHandler
                0x0000000008003ba0                TIM8_UP_IRQHandler
                0x0000000008003ba0                DMA2_Channel2_IRQHandler
                0x0000000008003ba0                DMA1_Channel4_IRQHandler
                0x0000000008003ba0                SAI2_IRQHandler
                0x0000000008003ba0                DFSDM1_FLT3_IRQHandler
                0x0000000008003ba0                USART3_IRQHandler
                0x0000000008003ba0                DMA1_Channel7_IRQHandler
                0x0000000008003ba0                CAN1_RX1_IRQHandler
                0x0000000008003ba0                UART5_IRQHandler
                0x0000000008003ba0                ADC3_IRQHandler
                0x0000000008003ba0                TIM4_IRQHandler
                0x0000000008003ba0                DMA2_Channel1_IRQHandler
                0x0000000008003ba0                QUADSPI_IRQHandler
                0x0000000008003ba0                I2C1_EV_IRQHandler
                0x0000000008003ba0                DMA1_Channel6_IRQHandler
                0x0000000008003ba0                UART4_IRQHandler
                0x0000000008003ba0                DMA2_Channel4_IRQHandler
                0x0000000008003ba0                TIM3_IRQHandler
                0x0000000008003ba0                RCC_IRQHandler
                0x0000000008003ba0                DMA1_Channel1_IRQHandler
                0x0000000008003ba0                Default_Handler
                0x0000000008003ba0                DMA2_Channel7_IRQHandler
                0x0000000008003ba0                TIM7_IRQHandler
                0x0000000008003ba0                SDMMC1_IRQHandler
                0x0000000008003ba0                TIM5_IRQHandler
                0x0000000008003ba0                I2C3_EV_IRQHandler
                0x0000000008003ba0                RTC_WKUP_IRQHandler
                0x0000000008003ba0                PVD_PVM_IRQHandler
                0x0000000008003ba0                SPI2_IRQHandler
                0x0000000008003ba0                CAN1_TX_IRQHandler
                0x0000000008003ba0                DMA2_Channel5_IRQHandler
                0x0000000008003ba0                DMA1_Channel5_IRQHandler
                0x0000000008003ba0                EXTI4_IRQHandler
                0x0000000008003ba0                RNG_IRQHandler
                0x0000000008003ba0                TIM1_TRG_COM_TIM17_IRQHandler
                0x0000000008003ba0                DMA1_Channel3_IRQHandler
                0x0000000008003ba0                COMP_IRQHandler
                0x0000000008003ba0                WWDG_IRQHandler
                0x0000000008003ba0                LPUART1_IRQHandler
                0x0000000008003ba0                DMA2_Channel6_IRQHandler
                0x0000000008003ba0                USART2_IRQHandler
                0x0000000008003ba0                DFSDM1_FLT0_IRQHandler
                0x0000000008003ba0                I2C2_ER_IRQHandler
                0x0000000008003ba0                DMA1_Channel2_IRQHandler
                0x0000000008003ba0                TIM8_BRK_IRQHandler
                0x0000000008003ba0                CAN1_SCE_IRQHandler
                0x0000000008003ba0                FLASH_IRQHandler
                0x0000000008003ba0                USART1_IRQHandler
                0x0000000008003ba0                OTG_FS_IRQHandler
                0x0000000008003ba0                SPI3_IRQHandler
                0x0000000008003ba0                I2C1_ER_IRQHandler
                0x0000000008003ba0                FMC_IRQHandler
                0x0000000008003ba0                SWPMI1_IRQHandler
                0x0000000008003ba0                LPTIM1_IRQHandler
                0x0000000008003ba0                SAI1_IRQHandler
                0x0000000008003ba0                DMA2_Channel3_IRQHandler
                0x0000000008003ba0                TIM1_BRK_TIM15_IRQHandler
 *fill*         0x0000000008003ba2        0x2 
 .text.I2Cx_MspInit
                0x0000000008003ba4       0xb0 ./Drivers/BSP/B-L475E-IOT01/stm32l475e_iot01.o
 .text.I2Cx_Init
                0x0000000008003c54       0x5c ./Drivers/BSP/B-L475E-IOT01/stm32l475e_iot01.o
 .text.I2Cx_ReadMultiple
                0x0000000008003cb0       0x5a ./Drivers/BSP/B-L475E-IOT01/stm32l475e_iot01.o
 .text.I2Cx_WriteMultiple
                0x0000000008003d0a       0x5a ./Drivers/BSP/B-L475E-IOT01/stm32l475e_iot01.o
 .text.I2Cx_Error
                0x0000000008003d64       0x20 ./Drivers/BSP/B-L475E-IOT01/stm32l475e_iot01.o
 .text.SENSOR_IO_Init
                0x0000000008003d84       0x14 ./Drivers/BSP/B-L475E-IOT01/stm32l475e_iot01.o
                0x0000000008003d84                SENSOR_IO_Init
 .text.SENSOR_IO_Write
                0x0000000008003d98       0x34 ./Drivers/BSP/B-L475E-IOT01/stm32l475e_iot01.o
                0x0000000008003d98                SENSOR_IO_Write
 .text.SENSOR_IO_Read
                0x0000000008003dcc       0x3c ./Drivers/BSP/B-L475E-IOT01/stm32l475e_iot01.o
                0x0000000008003dcc                SENSOR_IO_Read
 .text.SENSOR_IO_ReadMultiple
                0x0000000008003e08       0x3c ./Drivers/BSP/B-L475E-IOT01/stm32l475e_iot01.o
                0x0000000008003e08                SENSOR_IO_ReadMultiple
 .text.BSP_ACCELERO_Init
                0x0000000008003e44       0x7c ./Drivers/BSP/B-L475E-IOT01/stm32l475e_iot01_accelero.o
                0x0000000008003e44                BSP_ACCELERO_Init
 .text.BSP_ACCELERO_AccGetXYZ
                0x0000000008003ec0       0x30 ./Drivers/BSP/B-L475E-IOT01/stm32l475e_iot01_accelero.o
                0x0000000008003ec0                BSP_ACCELERO_AccGetXYZ
 .text.BSP_GYRO_Init
                0x0000000008003ef0       0x84 ./Drivers/BSP/B-L475E-IOT01/stm32l475e_iot01_gyro.o
                0x0000000008003ef0                BSP_GYRO_Init
 .text.BSP_HSENSOR_Init
                0x0000000008003f74       0x40 ./Drivers/BSP/B-L475E-IOT01/stm32l475e_iot01_hsensor.o
                0x0000000008003f74                BSP_HSENSOR_Init
 .text.BSP_HSENSOR_ReadHumidity
                0x0000000008003fb4       0x1c ./Drivers/BSP/B-L475E-IOT01/stm32l475e_iot01_hsensor.o
                0x0000000008003fb4                BSP_HSENSOR_ReadHumidity
 .text.BSP_MAGNETO_Init
                0x0000000008003fd0       0x58 ./Drivers/BSP/B-L475E-IOT01/stm32l475e_iot01_magneto.o
                0x0000000008003fd0                BSP_MAGNETO_Init
 .text.BSP_PSENSOR_Init
                0x0000000008004028       0x40 ./Drivers/BSP/B-L475E-IOT01/stm32l475e_iot01_psensor.o
                0x0000000008004028                BSP_PSENSOR_Init
 .text.BSP_TSENSOR_Init
                0x0000000008004068       0x38 ./Drivers/BSP/B-L475E-IOT01/stm32l475e_iot01_tsensor.o
                0x0000000008004068                BSP_TSENSOR_Init
 .text.BSP_TSENSOR_ReadTemp
                0x00000000080040a0       0x1c ./Drivers/BSP/B-L475E-IOT01/stm32l475e_iot01_tsensor.o
                0x00000000080040a0                BSP_TSENSOR_ReadTemp
 .text.HTS221_H_Init
                0x00000000080040bc       0x58 ./Drivers/BSP/Components/hts221/hts221.o
                0x00000000080040bc                HTS221_H_Init
 .text.HTS221_H_ReadID
                0x0000000008004114       0x2c ./Drivers/BSP/Components/hts221/hts221.o
                0x0000000008004114                HTS221_H_ReadID
 .text.HTS221_H_ReadHumidity
                0x0000000008004140      0x138 ./Drivers/BSP/Components/hts221/hts221.o
                0x0000000008004140                HTS221_H_ReadHumidity
 .text.HTS221_T_Init
                0x0000000008004278       0x5a ./Drivers/BSP/Components/hts221/hts221.o
                0x0000000008004278                HTS221_T_Init
 .text.HTS221_T_ReadTemp
                0x00000000080042d2      0x10e ./Drivers/BSP/Components/hts221/hts221.o
                0x00000000080042d2                HTS221_T_ReadTemp
 .text.HTS221_TempReady
                0x00000000080043e0       0x32 ./Drivers/BSP/Components/hts221/hts221.o
                0x00000000080043e0                HTS221_TempReady
 .text.HTS221_HumiReady
                0x0000000008004412       0x32 ./Drivers/BSP/Components/hts221/hts221.o
                0x0000000008004412                HTS221_HumiReady
 .text.HTS221_TempWaitReady
                0x0000000008004444       0x34 ./Drivers/BSP/Components/hts221/hts221.o
                0x0000000008004444                HTS221_TempWaitReady
 .text.HTS221_HumiWaitReady
                0x0000000008004478       0x34 ./Drivers/BSP/Components/hts221/hts221.o
                0x0000000008004478                HTS221_HumiWaitReady
 .text.LIS3MDL_MagInit
                0x00000000080044ac       0x50 ./Drivers/BSP/Components/lis3mdl/lis3mdl.o
                0x00000000080044ac                LIS3MDL_MagInit
 .text.LIS3MDL_MagDeInit
                0x00000000080044fc       0x3a ./Drivers/BSP/Components/lis3mdl/lis3mdl.o
                0x00000000080044fc                LIS3MDL_MagDeInit
 .text.LIS3MDL_MagReadID
                0x0000000008004536       0x16 ./Drivers/BSP/Components/lis3mdl/lis3mdl.o
                0x0000000008004536                LIS3MDL_MagReadID
 .text.LIS3MDL_MagLowPower
                0x000000000800454c       0x44 ./Drivers/BSP/Components/lis3mdl/lis3mdl.o
                0x000000000800454c                LIS3MDL_MagLowPower
 .text.LIS3MDL_MagReadXYZ
                0x0000000008004590      0x10c ./Drivers/BSP/Components/lis3mdl/lis3mdl.o
                0x0000000008004590                LIS3MDL_MagReadXYZ
 .text.LIS3MDL_GetStatus
                0x000000000800469c       0x12 ./Drivers/BSP/Components/lis3mdl/lis3mdl.o
                0x000000000800469c                LIS3MDL_GetStatus
 .text.LIS3MDL_Ready
                0x00000000080046ae       0x26 ./Drivers/BSP/Components/lis3mdl/lis3mdl.o
                0x00000000080046ae                LIS3MDL_Ready
 .text.LIS3MDL_WaitReady
                0x00000000080046d4       0x28 ./Drivers/BSP/Components/lis3mdl/lis3mdl.o
                0x00000000080046d4                LIS3MDL_WaitReady
 .text.LPS22HB_P_Init
                0x00000000080046fc       0x1a ./Drivers/BSP/Components/lps22hb/lps22hb.o
                0x00000000080046fc                LPS22HB_P_Init
 .text.LPS22HB_P_ReadID
                0x0000000008004716       0x2c ./Drivers/BSP/Components/lps22hb/lps22hb.o
                0x0000000008004716                LPS22HB_P_ReadID
 *fill*         0x0000000008004742        0x2 
 .text.LPS22HB_P_ReadPressure
                0x0000000008004744       0xbc ./Drivers/BSP/Components/lps22hb/lps22hb.o
                0x0000000008004744                LPS22HB_P_ReadPressure
 .text.LPS22HB_Init
                0x0000000008004800       0x7e ./Drivers/BSP/Components/lps22hb/lps22hb.o
 .text.LPS22HB_GetStatus
                0x000000000800487e       0x20 ./Drivers/BSP/Components/lps22hb/lps22hb.o
                0x000000000800487e                LPS22HB_GetStatus
 .text.LPS22HB_PReady
                0x000000000800489e       0x2e ./Drivers/BSP/Components/lps22hb/lps22hb.o
                0x000000000800489e                LPS22HB_PReady
 .text.LPS22HB_WaitP
                0x00000000080048cc       0x2c ./Drivers/BSP/Components/lps22hb/lps22hb.o
                0x00000000080048cc                LPS22HB_WaitP
 .text.LSM6DSL_AccInit
                0x00000000080048f8       0x72 ./Drivers/BSP/Components/lsm6dsl/lsm6dsl.o
                0x00000000080048f8                LSM6DSL_AccInit
 .text.LSM6DSL_AccDeInit
                0x000000000800496a       0x32 ./Drivers/BSP/Components/lsm6dsl/lsm6dsl.o
                0x000000000800496a                LSM6DSL_AccDeInit
 .text.LSM6DSL_AccReadID
                0x000000000800499c       0x16 ./Drivers/BSP/Components/lsm6dsl/lsm6dsl.o
                0x000000000800499c                LSM6DSL_AccReadID
 .text.LSM6DSL_AccLowPower
                0x00000000080049b2       0x44 ./Drivers/BSP/Components/lsm6dsl/lsm6dsl.o
                0x00000000080049b2                LSM6DSL_AccLowPower
 *fill*         0x00000000080049f6        0x2 
 .text.LSM6DSL_AccReadXYZ
                0x00000000080049f8      0x130 ./Drivers/BSP/Components/lsm6dsl/lsm6dsl.o
                0x00000000080049f8                LSM6DSL_AccReadXYZ
 .text.LSM6DSL_GyroInit
                0x0000000008004b28       0x72 ./Drivers/BSP/Components/lsm6dsl/lsm6dsl.o
                0x0000000008004b28                LSM6DSL_GyroInit
 .text.LSM6DSL_GyroDeInit
                0x0000000008004b9a       0x32 ./Drivers/BSP/Components/lsm6dsl/lsm6dsl.o
                0x0000000008004b9a                LSM6DSL_GyroDeInit
 .text.LSM6DSL_GyroReadID
                0x0000000008004bcc       0x16 ./Drivers/BSP/Components/lsm6dsl/lsm6dsl.o
                0x0000000008004bcc                LSM6DSL_GyroReadID
 .text.LSM6DSL_GyroLowPower
                0x0000000008004be2       0x44 ./Drivers/BSP/Components/lsm6dsl/lsm6dsl.o
                0x0000000008004be2                LSM6DSL_GyroLowPower
 *fill*         0x0000000008004c26        0x2 
 .text.LSM6DSL_GyroReadXYZAngRate
                0x0000000008004c28      0x128 ./Drivers/BSP/Components/lsm6dsl/lsm6dsl.o
                0x0000000008004c28                LSM6DSL_GyroReadXYZAngRate
 .text.LSM6DSL_GetStatus
                0x0000000008004d50       0x12 ./Drivers/BSP/Components/lsm6dsl/lsm6dsl.o
                0x0000000008004d50                LSM6DSL_GetStatus
 .text.LSM6DSL_AccReady
                0x0000000008004d62       0x26 ./Drivers/BSP/Components/lsm6dsl/lsm6dsl.o
                0x0000000008004d62                LSM6DSL_AccReady
 .text.LSM6DSL_GyroReady
                0x0000000008004d88       0x26 ./Drivers/BSP/Components/lsm6dsl/lsm6dsl.o
                0x0000000008004d88                LSM6DSL_GyroReady
 .text.LSM6DSL_AccWaitReady
                0x0000000008004dae       0x28 ./Drivers/BSP/Components/lsm6dsl/lsm6dsl.o
                0x0000000008004dae                LSM6DSL_AccWaitReady
 .text.LSM6DSL_GyroWaitReady
                0x0000000008004dd6       0x28 ./Drivers/BSP/Components/lsm6dsl/lsm6dsl.o
                0x0000000008004dd6                LSM6DSL_GyroWaitReady
 .text.HAL_Init
                0x0000000008004dfe       0x30 ./Drivers/STM32L4xx_HAL_Driver/Src/stm32l4xx_hal.o
                0x0000000008004dfe                HAL_Init
 *fill*         0x0000000008004e2e        0x2 
 .text.HAL_InitTick
                0x0000000008004e30       0x74 ./Drivers/STM32L4xx_HAL_Driver/Src/stm32l4xx_hal.o
                0x0000000008004e30                HAL_InitTick
 .text.HAL_IncTick
                0x0000000008004ea4       0x24 ./Drivers/STM32L4xx_HAL_Driver/Src/stm32l4xx_hal.o
                0x0000000008004ea4                HAL_IncTick
 .text.HAL_GetTick
                0x0000000008004ec8       0x18 ./Drivers/STM32L4xx_HAL_Driver/Src/stm32l4xx_hal.o
                0x0000000008004ec8                HAL_GetTick
 .text.HAL_Delay
                0x0000000008004ee0       0x44 ./Drivers/STM32L4xx_HAL_Driver/Src/stm32l4xx_hal.o
                0x0000000008004ee0                HAL_Delay
 .text.__NVIC_SetPriorityGrouping
                0x0000000008004f24       0x48 ./Drivers/STM32L4xx_HAL_Driver/Src/stm32l4xx_hal_cortex.o
 .text.__NVIC_GetPriorityGrouping
                0x0000000008004f6c       0x1c ./Drivers/STM32L4xx_HAL_Driver/Src/stm32l4xx_hal_cortex.o
 .text.__NVIC_EnableIRQ
                0x0000000008004f88       0x3c ./Drivers/STM32L4xx_HAL_Driver/Src/stm32l4xx_hal_cortex.o
 .text.__NVIC_DisableIRQ
                0x0000000008004fc4       0x48 ./Drivers/STM32L4xx_HAL_Driver/Src/stm32l4xx_hal_cortex.o
 .text.__NVIC_SetPriority
                0x000000000800500c       0x54 ./Drivers/STM32L4xx_HAL_Driver/Src/stm32l4xx_hal_cortex.o
 .text.NVIC_EncodePriority
                0x0000000008005060       0x66 ./Drivers/STM32L4xx_HAL_Driver/Src/stm32l4xx_hal_cortex.o
 *fill*         0x00000000080050c6        0x2 
 .text.SysTick_Config
                0x00000000080050c8       0x44 ./Drivers/STM32L4xx_HAL_Driver/Src/stm32l4xx_hal_cortex.o
 .text.HAL_NVIC_SetPriorityGrouping
                0x000000000800510c       0x16 ./Drivers/STM32L4xx_HAL_Driver/Src/stm32l4xx_hal_cortex.o
                0x000000000800510c                HAL_NVIC_SetPriorityGrouping
 .text.HAL_NVIC_SetPriority
                0x0000000008005122       0x38 ./Drivers/STM32L4xx_HAL_Driver/Src/stm32l4xx_hal_cortex.o
                0x0000000008005122                HAL_NVIC_SetPriority
 .text.HAL_NVIC_EnableIRQ
                0x000000000800515a       0x1c ./Drivers/STM32L4xx_HAL_Driver/Src/stm32l4xx_hal_cortex.o
                0x000000000800515a                HAL_NVIC_EnableIRQ
 .text.HAL_NVIC_DisableIRQ
                0x0000000008005176       0x1c ./Drivers/STM32L4xx_HAL_Driver/Src/stm32l4xx_hal_cortex.o
                0x0000000008005176                HAL_NVIC_DisableIRQ
 .text.HAL_SYSTICK_Config
                0x0000000008005192       0x18 ./Drivers/STM32L4xx_HAL_Driver/Src/stm32l4xx_hal_cortex.o
                0x0000000008005192                HAL_SYSTICK_Config
 *fill*         0x00000000080051aa        0x2 
 .text.HAL_GPIO_Init
                0x00000000080051ac      0x354 ./Drivers/STM32L4xx_HAL_Driver/Src/stm32l4xx_hal_gpio.o
                0x00000000080051ac                HAL_GPIO_Init
 .text.HAL_GPIO_DeInit
                0x0000000008005500      0x1e8 ./Drivers/STM32L4xx_HAL_Driver/Src/stm32l4xx_hal_gpio.o
                0x0000000008005500                HAL_GPIO_DeInit
 .text.HAL_GPIO_ReadPin
                0x00000000080056e8       0x30 ./Drivers/STM32L4xx_HAL_Driver/Src/stm32l4xx_hal_gpio.o
                0x00000000080056e8                HAL_GPIO_ReadPin
 .text.HAL_GPIO_WritePin
                0x0000000008005718       0x30 ./Drivers/STM32L4xx_HAL_Driver/Src/stm32l4xx_hal_gpio.o
                0x0000000008005718                HAL_GPIO_WritePin
 .text.HAL_GPIO_TogglePin
                0x0000000008005748       0x32 ./Drivers/STM32L4xx_HAL_Driver/Src/stm32l4xx_hal_gpio.o
                0x0000000008005748                HAL_GPIO_TogglePin
 *fill*         0x000000000800577a        0x2 
 .text.HAL_GPIO_EXTI_IRQHandler
                0x000000000800577c       0x30 ./Drivers/STM32L4xx_HAL_Driver/Src/stm32l4xx_hal_gpio.o
                0x000000000800577c                HAL_GPIO_EXTI_IRQHandler
 .text.HAL_I2C_Init
                0x00000000080057ac      0x11e ./Drivers/STM32L4xx_HAL_Driver/Src/stm32l4xx_hal_i2c.o
                0x00000000080057ac                HAL_I2C_Init
 .text.HAL_I2C_DeInit
                0x00000000080058ca       0x5e ./Drivers/STM32L4xx_HAL_Driver/Src/stm32l4xx_hal_i2c.o
                0x00000000080058ca                HAL_I2C_DeInit
 .text.HAL_I2C_Mem_Write
                0x0000000008005928      0x228 ./Drivers/STM32L4xx_HAL_Driver/Src/stm32l4xx_hal_i2c.o
                0x0000000008005928                HAL_I2C_Mem_Write
 .text.HAL_I2C_Mem_Read
                0x0000000008005b50      0x234 ./Drivers/STM32L4xx_HAL_Driver/Src/stm32l4xx_hal_i2c.o
                0x0000000008005b50                HAL_I2C_Mem_Read
 .text.I2C_RequestMemoryWrite
                0x0000000008005d84       0xa8 ./Drivers/STM32L4xx_HAL_Driver/Src/stm32l4xx_hal_i2c.o
 .text.I2C_RequestMemoryRead
                0x0000000008005e2c       0xa8 ./Drivers/STM32L4xx_HAL_Driver/Src/stm32l4xx_hal_i2c.o
 .text.I2C_Flush_TXDR
                0x0000000008005ed4       0x48 ./Drivers/STM32L4xx_HAL_Driver/Src/stm32l4xx_hal_i2c.o
 .text.I2C_WaitOnFlagUntilTimeout
                0x0000000008005f1c       0x80 ./Drivers/STM32L4xx_HAL_Driver/Src/stm32l4xx_hal_i2c.o
 .text.I2C_WaitOnTXISFlagUntilTimeout
                0x0000000008005f9c       0x80 ./Drivers/STM32L4xx_HAL_Driver/Src/stm32l4xx_hal_i2c.o
 .text.I2C_WaitOnSTOPFlagUntilTimeout
                0x000000000800601c       0x78 ./Drivers/STM32L4xx_HAL_Driver/Src/stm32l4xx_hal_i2c.o
 .text.I2C_IsAcknowledgeFailed
                0x0000000008006094       0xcc ./Drivers/STM32L4xx_HAL_Driver/Src/stm32l4xx_hal_i2c.o
 .text.I2C_TransferConfig
                0x0000000008006160       0x5c ./Drivers/STM32L4xx_HAL_Driver/Src/stm32l4xx_hal_i2c.o
 .text.HAL_I2CEx_ConfigAnalogFilter
                0x00000000080061bc       0x96 ./Drivers/STM32L4xx_HAL_Driver/Src/stm32l4xx_hal_i2c_ex.o
                0x00000000080061bc                HAL_I2CEx_ConfigAnalogFilter
 *fill*         0x0000000008006252        0x2 
 .text.HAL_PWREx_GetVoltageRange
                0x0000000008006254       0x1c ./Drivers/STM32L4xx_HAL_Driver/Src/stm32l4xx_hal_pwr_ex.o
                0x0000000008006254                HAL_PWREx_GetVoltageRange
 .text.HAL_PWREx_ControlVoltageScaling
                0x0000000008006270       0xac ./Drivers/STM32L4xx_HAL_Driver/Src/stm32l4xx_hal_pwr_ex.o
                0x0000000008006270                HAL_PWREx_ControlVoltageScaling
 .text.HAL_RCC_OscConfig
                0x000000000800631c      0x7d4 ./Drivers/STM32L4xx_HAL_Driver/Src/stm32l4xx_hal_rcc.o
                0x000000000800631c                HAL_RCC_OscConfig
 .text.HAL_RCC_ClockConfig
                0x0000000008006af0      0x1c4 ./Drivers/STM32L4xx_HAL_Driver/Src/stm32l4xx_hal_rcc.o
                0x0000000008006af0                HAL_RCC_ClockConfig
 .text.HAL_RCC_GetSysClockFreq
                0x0000000008006cb4      0x118 ./Drivers/STM32L4xx_HAL_Driver/Src/stm32l4xx_hal_rcc.o
                0x0000000008006cb4                HAL_RCC_GetSysClockFreq
 .text.HAL_RCC_GetHCLKFreq
                0x0000000008006dcc       0x18 ./Drivers/STM32L4xx_HAL_Driver/Src/stm32l4xx_hal_rcc.o
                0x0000000008006dcc                HAL_RCC_GetHCLKFreq
 .text.HAL_RCC_GetPCLK1Freq
                0x0000000008006de4       0x2c ./Drivers/STM32L4xx_HAL_Driver/Src/stm32l4xx_hal_rcc.o
                0x0000000008006de4                HAL_RCC_GetPCLK1Freq
 .text.HAL_RCC_GetPCLK2Freq
                0x0000000008006e10       0x2c ./Drivers/STM32L4xx_HAL_Driver/Src/stm32l4xx_hal_rcc.o
                0x0000000008006e10                HAL_RCC_GetPCLK2Freq
 .text.RCC_SetFlashLatencyFromMSIRange
                0x0000000008006e3c       0xc0 ./Drivers/STM32L4xx_HAL_Driver/Src/stm32l4xx_hal_rcc.o
 .text.HAL_SPI_Init
                0x0000000008006efc      0x114 ./Drivers/STM32L4xx_HAL_Driver/Src/stm32l4xx_hal_spi.o
                0x0000000008006efc                HAL_SPI_Init
 .text.HAL_SPI_Transmit
                0x0000000008007010      0x2cc ./Drivers/STM32L4xx_HAL_Driver/Src/stm32l4xx_hal_spi.o
                0x0000000008007010                HAL_SPI_Transmit
 .text.HAL_SPI_Receive
                0x00000000080072dc      0x250 ./Drivers/STM32L4xx_HAL_Driver/Src/stm32l4xx_hal_spi.o
                0x00000000080072dc                HAL_SPI_Receive
 .text.HAL_SPI_TransmitReceive
                0x000000000800752c      0x426 ./Drivers/STM32L4xx_HAL_Driver/Src/stm32l4xx_hal_spi.o
                0x000000000800752c                HAL_SPI_TransmitReceive
 .text.SPI_WaitFlagStateUntilTimeout
                0x0000000008007952       0xd4 ./Drivers/STM32L4xx_HAL_Driver/Src/stm32l4xx_hal_spi.o
 .text.SPI_WaitFifoStateUntilTimeout
                0x0000000008007a26       0xda ./Drivers/STM32L4xx_HAL_Driver/Src/stm32l4xx_hal_spi.o
 .text.SPI_EndRxTransaction
                0x0000000008007b00       0xb0 ./Drivers/STM32L4xx_HAL_Driver/Src/stm32l4xx_hal_spi.o
 .text.SPI_EndRxTxTransaction
                0x0000000008007bb0       0x8c ./Drivers/STM32L4xx_HAL_Driver/Src/stm32l4xx_hal_spi.o
 .text.HAL_TIM_Base_Init
                0x0000000008007c3c       0x56 ./Drivers/STM32L4xx_HAL_Driver/Src/stm32l4xx_hal_tim.o
                0x0000000008007c3c                HAL_TIM_Base_Init
 *fill*         0x0000000008007c92        0x2 
 .text.HAL_TIM_Base_Start
                0x0000000008007c94       0x54 ./Drivers/STM32L4xx_HAL_Driver/Src/stm32l4xx_hal_tim.o
                0x0000000008007c94                HAL_TIM_Base_Start
 .text.HAL_TIM_Base_Stop
                0x0000000008007ce8       0x56 ./Drivers/STM32L4xx_HAL_Driver/Src/stm32l4xx_hal_tim.o
                0x0000000008007ce8                HAL_TIM_Base_Stop
 *fill*         0x0000000008007d3e        0x2 
 .text.HAL_TIM_Base_Start_IT
                0x0000000008007d40       0x54 ./Drivers/STM32L4xx_HAL_Driver/Src/stm32l4xx_hal_tim.o
                0x0000000008007d40                HAL_TIM_Base_Start_IT
 .text.HAL_TIM_Base_Stop_IT
                0x0000000008007d94       0x56 ./Drivers/STM32L4xx_HAL_Driver/Src/stm32l4xx_hal_tim.o
                0x0000000008007d94                HAL_TIM_Base_Stop_IT
 .text.HAL_TIM_IRQHandler
                0x0000000008007dea      0x23e ./Drivers/STM32L4xx_HAL_Driver/Src/stm32l4xx_hal_tim.o
                0x0000000008007dea                HAL_TIM_IRQHandler
 .text.HAL_TIM_OC_DelayElapsedCallback
                0x0000000008008028       0x14 ./Drivers/STM32L4xx_HAL_Driver/Src/stm32l4xx_hal_tim.o
                0x0000000008008028                HAL_TIM_OC_DelayElapsedCallback
 .text.HAL_TIM_IC_CaptureCallback
                0x000000000800803c       0x14 ./Drivers/STM32L4xx_HAL_Driver/Src/stm32l4xx_hal_tim.o
                0x000000000800803c                HAL_TIM_IC_CaptureCallback
 .text.HAL_TIM_PWM_PulseFinishedCallback
                0x0000000008008050       0x14 ./Drivers/STM32L4xx_HAL_Driver/Src/stm32l4xx_hal_tim.o
                0x0000000008008050                HAL_TIM_PWM_PulseFinishedCallback
 .text.HAL_TIM_TriggerCallback
                0x0000000008008064       0x14 ./Drivers/STM32L4xx_HAL_Driver/Src/stm32l4xx_hal_tim.o
                0x0000000008008064                HAL_TIM_TriggerCallback
 .text.TIM_Base_SetConfig
                0x0000000008008078      0x134 ./Drivers/STM32L4xx_HAL_Driver/Src/stm32l4xx_hal_tim.o
                0x0000000008008078                TIM_Base_SetConfig
 .text.HAL_TIMEx_CommutCallback
                0x00000000080081ac       0x14 ./Drivers/STM32L4xx_HAL_Driver/Src/stm32l4xx_hal_tim_ex.o
                0x00000000080081ac                HAL_TIMEx_CommutCallback
 .text.HAL_TIMEx_BreakCallback
                0x00000000080081c0       0x14 ./Drivers/STM32L4xx_HAL_Driver/Src/stm32l4xx_hal_tim_ex.o
                0x00000000080081c0                HAL_TIMEx_BreakCallback
 .text.HAL_TIMEx_Break2Callback
                0x00000000080081d4       0x14 ./Drivers/STM32L4xx_HAL_Driver/Src/stm32l4xx_hal_tim_ex.o
                0x00000000080081d4                HAL_TIMEx_Break2Callback
 .text.HAL_UART_Init
                0x00000000080081e8       0x9c ./Drivers/STM32L4xx_HAL_Driver/Src/stm32l4xx_hal_uart.o
                0x00000000080081e8                HAL_UART_Init
 .text.HAL_UART_Transmit
                0x0000000008008284      0x126 ./Drivers/STM32L4xx_HAL_Driver/Src/stm32l4xx_hal_uart.o
                0x0000000008008284                HAL_UART_Transmit
 *fill*         0x00000000080083aa        0x2 
 .text.UART_SetConfig
                0x00000000080083ac      0x740 ./Drivers/STM32L4xx_HAL_Driver/Src/stm32l4xx_hal_uart.o
                0x00000000080083ac                UART_SetConfig
 .text.UART_AdvFeatureConfig
                0x0000000008008aec      0x144 ./Drivers/STM32L4xx_HAL_Driver/Src/stm32l4xx_hal_uart.o
                0x0000000008008aec                UART_AdvFeatureConfig
 .text.UART_CheckIdleState
                0x0000000008008c30       0x8a ./Drivers/STM32L4xx_HAL_Driver/Src/stm32l4xx_hal_uart.o
                0x0000000008008c30                UART_CheckIdleState
 .text.UART_WaitOnFlagUntilTimeout
                0x0000000008008cba       0xf6 ./Drivers/STM32L4xx_HAL_Driver/Src/stm32l4xx_hal_uart.o
                0x0000000008008cba                UART_WaitOnFlagUntilTimeout
 .text.network_configure_activations
                0x0000000008008db0       0xe0 ./X-CUBE-AI/App/network.o
 .text.network_configure_weights
                0x0000000008008e90      0x174 ./X-CUBE-AI/App/network.o
 .text.ai_network_get_error
                0x0000000008009004       0x18 ./X-CUBE-AI/App/network.o
                0x0000000008009004                ai_network_get_error
 .text.ai_network_create
                0x000000000800901c       0x2c ./X-CUBE-AI/App/network.o
                0x000000000800901c                ai_network_create
 .text.ai_network_create_and_init
                0x0000000008009048       0xe8 ./X-CUBE-AI/App/network.o
                0x0000000008009048                ai_network_create_and_init
 .text.ai_network_inputs_get
                0x0000000008009130       0x34 ./X-CUBE-AI/App/network.o
                0x0000000008009130                ai_network_inputs_get
 .text.ai_network_outputs_get
                0x0000000008009164       0x34 ./X-CUBE-AI/App/network.o
                0x0000000008009164                ai_network_outputs_get
 .text.ai_network_init
                0x0000000008009198       0x78 ./X-CUBE-AI/App/network.o
                0x0000000008009198                ai_network_init
 .text.ai_network_run
                0x0000000008009210       0x20 ./X-CUBE-AI/App/network.o
                0x0000000008009210                ai_network_run
 .text.ai_network_data_params_get
                0x0000000008009230       0x50 ./X-CUBE-AI/App/network_data.o
                0x0000000008009230                ai_network_data_params_get
 .text.findslot
                0x0000000008009280       0x34 d:/stm32cubeide_1.12.0/stm32cubeide/plugins/com.st.stm32cube.ide.mcu.externaltools.gnu-tools-for-stm32.10.3-2021.10.win32_1.0.200.202301161003/tools/bin/../lib/gcc/arm-none-eabi/10.3.1/../../../../arm-none-eabi/lib/thumb/v7e-m+fp/hard\librdimon_nano.a(rdimon-syscalls.o)
 .text.error    0x00000000080092b4       0x1c d:/stm32cubeide_1.12.0/stm32cubeide/plugins/com.st.stm32cube.ide.mcu.externaltools.gnu-tools-for-stm32.10.3-2021.10.win32_1.0.200.202301161003/tools/bin/../lib/gcc/arm-none-eabi/10.3.1/../../../../arm-none-eabi/lib/thumb/v7e-m+fp/hard\librdimon_nano.a(rdimon-syscalls.o)
 .text.checkerror
                0x00000000080092d0        0xa d:/stm32cubeide_1.12.0/stm32cubeide/plugins/com.st.stm32cube.ide.mcu.externaltools.gnu-tools-for-stm32.10.3-2021.10.win32_1.0.200.202301161003/tools/bin/../lib/gcc/arm-none-eabi/10.3.1/../../../../arm-none-eabi/lib/thumb/v7e-m+fp/hard\librdimon_nano.a(rdimon-syscalls.o)
 .text._swiread
                0x00000000080092da       0x20 d:/stm32cubeide_1.12.0/stm32cubeide/plugins/com.st.stm32cube.ide.mcu.externaltools.gnu-tools-for-stm32.10.3-2021.10.win32_1.0.200.202301161003/tools/bin/../lib/gcc/arm-none-eabi/10.3.1/../../../../arm-none-eabi/lib/thumb/v7e-m+fp/hard\librdimon_nano.a(rdimon-syscalls.o)
                0x00000000080092da                _swiread
 .text._read    0x00000000080092fa       0x38 d:/stm32cubeide_1.12.0/stm32cubeide/plugins/com.st.stm32cube.ide.mcu.externaltools.gnu-tools-for-stm32.10.3-2021.10.win32_1.0.200.202301161003/tools/bin/../lib/gcc/arm-none-eabi/10.3.1/../../../../arm-none-eabi/lib/thumb/v7e-m+fp/hard\librdimon_nano.a(rdimon-syscalls.o)
                0x00000000080092fa                _read
 .text._swilseek
                0x0000000008009332       0x78 d:/stm32cubeide_1.12.0/stm32cubeide/plugins/com.st.stm32cube.ide.mcu.externaltools.gnu-tools-for-stm32.10.3-2021.10.win32_1.0.200.202301161003/tools/bin/../lib/gcc/arm-none-eabi/10.3.1/../../../../arm-none-eabi/lib/thumb/v7e-m+fp/hard\librdimon_nano.a(rdimon-syscalls.o)
                0x0000000008009332                _swilseek
 .text._lseek   0x00000000080093aa        0x4 d:/stm32cubeide_1.12.0/stm32cubeide/plugins/com.st.stm32cube.ide.mcu.externaltools.gnu-tools-for-stm32.10.3-2021.10.win32_1.0.200.202301161003/tools/bin/../lib/gcc/arm-none-eabi/10.3.1/../../../../arm-none-eabi/lib/thumb/v7e-m+fp/hard\librdimon_nano.a(rdimon-syscalls.o)
                0x00000000080093aa                _lseek
 .text._swiwrite
                0x00000000080093ae       0x20 d:/stm32cubeide_1.12.0/stm32cubeide/plugins/com.st.stm32cube.ide.mcu.externaltools.gnu-tools-for-stm32.10.3-2021.10.win32_1.0.200.202301161003/tools/bin/../lib/gcc/arm-none-eabi/10.3.1/../../../../arm-none-eabi/lib/thumb/v7e-m+fp/hard\librdimon_nano.a(rdimon-syscalls.o)
                0x00000000080093ae                _swiwrite
 .text._write   0x00000000080093ce       0x48 d:/stm32cubeide_1.12.0/stm32cubeide/plugins/com.st.stm32cube.ide.mcu.externaltools.gnu-tools-for-stm32.10.3-2021.10.win32_1.0.200.202301161003/tools/bin/../lib/gcc/arm-none-eabi/10.3.1/../../../../arm-none-eabi/lib/thumb/v7e-m+fp/hard\librdimon_nano.a(rdimon-syscalls.o)
                0x00000000080093ce                _write
 .text._swiclose
                0x0000000008009416       0x1a d:/stm32cubeide_1.12.0/stm32cubeide/plugins/com.st.stm32cube.ide.mcu.externaltools.gnu-tools-for-stm32.10.3-2021.10.win32_1.0.200.202301161003/tools/bin/../lib/gcc/arm-none-eabi/10.3.1/../../../../arm-none-eabi/lib/thumb/v7e-m+fp/hard\librdimon_nano.a(rdimon-syscalls.o)
                0x0000000008009416                _swiclose
 .text._close   0x0000000008009430       0x4c d:/stm32cubeide_1.12.0/stm32cubeide/plugins/com.st.stm32cube.ide.mcu.externaltools.gnu-tools-for-stm32.10.3-2021.10.win32_1.0.200.202301161003/tools/bin/../lib/gcc/arm-none-eabi/10.3.1/../../../../arm-none-eabi/lib/thumb/v7e-m+fp/hard\librdimon_nano.a(rdimon-syscalls.o)
                0x0000000008009430                _close
 .text._getpid  0x000000000800947c        0x4 d:/stm32cubeide_1.12.0/stm32cubeide/plugins/com.st.stm32cube.ide.mcu.externaltools.gnu-tools-for-stm32.10.3-2021.10.win32_1.0.200.202301161003/tools/bin/../lib/gcc/arm-none-eabi/10.3.1/../../../../arm-none-eabi/lib/thumb/v7e-m+fp/hard\librdimon_nano.a(rdimon-syscalls.o)
                0x000000000800947c                _getpid
 .text._swistat
                0x0000000008009480       0x42 d:/stm32cubeide_1.12.0/stm32cubeide/plugins/com.st.stm32cube.ide.mcu.externaltools.gnu-tools-for-stm32.10.3-2021.10.win32_1.0.200.202301161003/tools/bin/../lib/gcc/arm-none-eabi/10.3.1/../../../../arm-none-eabi/lib/thumb/v7e-m+fp/hard\librdimon_nano.a(rdimon-syscalls.o)
                0x0000000008009480                _swistat
 .text._fstat   0x00000000080094c2       0x1c d:/stm32cubeide_1.12.0/stm32cubeide/plugins/com.st.stm32cube.ide.mcu.externaltools.gnu-tools-for-stm32.10.3-2021.10.win32_1.0.200.202301161003/tools/bin/../lib/gcc/arm-none-eabi/10.3.1/../../../../arm-none-eabi/lib/thumb/v7e-m+fp/hard\librdimon_nano.a(rdimon-syscalls.o)
                0x00000000080094c2                _fstat
 .text._isatty  0x00000000080094de       0x38 d:/stm32cubeide_1.12.0/stm32cubeide/plugins/com.st.stm32cube.ide.mcu.externaltools.gnu-tools-for-stm32.10.3-2021.10.win32_1.0.200.202301161003/tools/bin/../lib/gcc/arm-none-eabi/10.3.1/../../../../arm-none-eabi/lib/thumb/v7e-m+fp/hard\librdimon_nano.a(rdimon-syscalls.o)
                0x00000000080094de                _isatty
 *fill*         0x0000000008009516        0x2 
 .text.ai_buffer_get_size
                0x0000000008009518       0x68 ../Middlewares/ST/AI/Lib\NetworkRuntime800_CM4_GCC.a(ai_platform.o)
                0x0000000008009518                ai_buffer_get_size
 .text.ai_buffer_array_sane
                0x0000000008009580       0x14 ../Middlewares/ST/AI/Lib\NetworkRuntime800_CM4_GCC.a(ai_platform.o)
                0x0000000008009580                ai_buffer_array_sane
 .text.ai_buffer_array_item_set_address
                0x0000000008009594       0x20 ../Middlewares/ST/AI/Lib\NetworkRuntime800_CM4_GCC.a(ai_platform.o)
                0x0000000008009594                ai_buffer_array_item_set_address
 .text._ai_platform_acquire_crc
                0x00000000080095b4        0x4 ../Middlewares/ST/AI/Lib\NetworkRuntime800_CM4_GCC.a(ai_platform_interface.o)
                0x00000000080095b4                _ai_platform_acquire_crc
 .text._ai_platform_release_crc
                0x00000000080095b8        0x4 ../Middlewares/ST/AI/Lib\NetworkRuntime800_CM4_GCC.a(ai_platform_interface.o)
                0x00000000080095b8                _ai_platform_release_crc
 .text.ai_platform_get_weights_map
                0x00000000080095bc       0xa8 ../Middlewares/ST/AI/Lib\NetworkRuntime800_CM4_GCC.a(ai_platform_interface.o)
                0x00000000080095bc                ai_platform_get_weights_map
 .text.ai_platform_get_activations_map
                0x0000000008009664       0xa8 ../Middlewares/ST/AI/Lib\NetworkRuntime800_CM4_GCC.a(ai_platform_interface.o)
                0x0000000008009664                ai_platform_get_activations_map
 .text.ai_platform_bind_network_params
                0x000000000800970c       0x44 ../Middlewares/ST/AI/Lib\NetworkRuntime800_CM4_GCC.a(ai_platform_interface.o)
                0x000000000800970c                ai_platform_bind_network_params
 .text.ai_platform_network_get_error
                0x0000000008009750       0xdc ../Middlewares/ST/AI/Lib\NetworkRuntime800_CM4_GCC.a(ai_platform_interface.o)
                0x0000000008009750                ai_platform_network_get_error
 .text.ai_platform_network_set_error
                0x000000000800982c        0xc ../Middlewares/ST/AI/Lib\NetworkRuntime800_CM4_GCC.a(ai_platform_interface.o)
                0x000000000800982c                ai_platform_network_set_error
 .text.ai_platform_inputs_get
                0x0000000008009838      0x1ac ../Middlewares/ST/AI/Lib\NetworkRuntime800_CM4_GCC.a(ai_platform_interface.o)
                0x0000000008009838                ai_platform_inputs_get
 .text.ai_platform_outputs_get
                0x00000000080099e4      0x1a0 ../Middlewares/ST/AI/Lib\NetworkRuntime800_CM4_GCC.a(ai_platform_interface.o)
                0x00000000080099e4                ai_platform_outputs_get
 .text.ai_platform_network_create
                0x0000000008009b84      0x1ac ../Middlewares/ST/AI/Lib\NetworkRuntime800_CM4_GCC.a(ai_platform_interface.o)
                0x0000000008009b84                ai_platform_network_create
 .text.ai_platform_network_init
                0x0000000008009d30      0x1dc ../Middlewares/ST/AI/Lib\NetworkRuntime800_CM4_GCC.a(ai_platform_interface.o)
                0x0000000008009d30                ai_platform_network_init
 .text.ai_platform_network_post_init
                0x0000000008009f0c      0x110 ../Middlewares/ST/AI/Lib\NetworkRuntime800_CM4_GCC.a(ai_platform_interface.o)
                0x0000000008009f0c                ai_platform_network_post_init
 .text.ai_platform_network_process
                0x000000000800a01c      0x50c ../Middlewares/ST/AI/Lib\NetworkRuntime800_CM4_GCC.a(ai_platform_interface.o)
                0x000000000800a01c                ai_platform_network_process
 .text.core_init
                0x000000000800a528        0x4 ../Middlewares/ST/AI/Lib\NetworkRuntime800_CM4_GCC.a(core_common.o)
                0x000000000800a528                core_init
 .text.core_get_error
                0x000000000800a52c        0xc ../Middlewares/ST/AI/Lib\NetworkRuntime800_CM4_GCC.a(core_common.o)
                0x000000000800a52c                core_get_error
 .text.core_set_error
                0x000000000800a538       0x18 ../Middlewares/ST/AI/Lib\NetworkRuntime800_CM4_GCC.a(core_common.o)
                0x000000000800a538                core_set_error
 .text.func_dummy
                0x000000000800a550        0x4 ../Middlewares/ST/AI/Lib\NetworkRuntime800_CM4_GCC.a(layers_conv2d_generic_float.o)
 .text.ai_conv2d_stripe_f32.constprop.0
                0x000000000800a554      0xa70 ../Middlewares/ST/AI/Lib\NetworkRuntime800_CM4_GCC.a(layers_conv2d_generic_float.o)
 .text.ai_dict_decompress_f32
                0x000000000800afc4       0xa0 ../Middlewares/ST/AI/Lib\NetworkRuntime800_CM4_GCC.a(layers_conv2d_generic_float.o)
                0x000000000800afc4                ai_dict_decompress_f32
 .text.forward_conv2d
                0x000000000800b064      0x2d8 ../Middlewares/ST/AI/Lib\NetworkRuntime800_CM4_GCC.a(layers_conv2d_generic_float.o)
                0x000000000800b064                forward_conv2d
 .text.forward_dense
                0x000000000800b33c      0x54c ../Middlewares/ST/AI/Lib\NetworkRuntime800_CM4_GCC.a(layers_conv2d_generic_float.o)
                0x000000000800b33c                forward_dense
 .text.nl_func_relu_array_f32
                0x000000000800b888       0x4c ../Middlewares/ST/AI/Lib\NetworkRuntime800_CM4_GCC.a(layers_nl_generic_float.o)
                0x000000000800b888                nl_func_relu_array_f32
 .text.forward_relu
                0x000000000800b8d4      0x268 ../Middlewares/ST/AI/Lib\NetworkRuntime800_CM4_GCC.a(layers_nl_generic_float.o)
                0x000000000800b8d4                forward_relu
 .text.forward_sm
                0x000000000800bb3c      0x11c ../Middlewares/ST/AI/Lib\NetworkRuntime800_CM4_GCC.a(layers_nl_generic_float.o)
                0x000000000800bb3c                forward_sm
 .text.ai_check_custom_types
                0x000000000800bc58       0x54 ../Middlewares/ST/AI/Lib\NetworkRuntime800_CM4_GCC.a(layers.o)
                0x000000000800bc58                ai_check_custom_types
 .text.ai_layers_init_all
                0x000000000800bcac       0x1c ../Middlewares/ST/AI/Lib\NetworkRuntime800_CM4_GCC.a(layers.o)
                0x000000000800bcac                ai_layers_init_all
 .text.ai_layers_post_init_all
                0x000000000800bcc8       0x28 ../Middlewares/ST/AI/Lib\NetworkRuntime800_CM4_GCC.a(layers.o)
                0x000000000800bcc8                ai_layers_post_init_all
 .text.ai_layers_forward_all
                0x000000000800bcf0       0x94 ../Middlewares/ST/AI/Lib\NetworkRuntime800_CM4_GCC.a(layers.o)
                0x000000000800bcf0                ai_layers_forward_all
 .text.lite_dense_if32of32wf32
                0x000000000800bd84      0x248 ../Middlewares/ST/AI/Lib\NetworkRuntime800_CM4_GCC.a(lite_dense_if32.o)
                0x000000000800bd84                lite_dense_if32of32wf32
 .text.ai_version_get
                0x000000000800bfcc        0xc ../Middlewares/ST/AI/Lib\NetworkRuntime800_CM4_GCC.a(ai_datatypes_internal.o)
                0x000000000800bfcc                ai_version_get
 .text.get_tensor_byte_size
                0x000000000800bfd8       0x30 ../Middlewares/ST/AI/Lib\NetworkRuntime800_CM4_GCC.a(ai_datatypes_internal.o)
                0x000000000800bfd8                get_tensor_byte_size
 .text.ai_array_to_buffer_fmt
                0x000000000800c008       0xd8 ../Middlewares/ST/AI/Lib\NetworkRuntime800_CM4_GCC.a(ai_datatypes_format.o)
                0x000000000800c008                ai_array_to_buffer_fmt
 .text.ai_array_get_byte_size
                0x000000000800c0e0       0x50 ../Middlewares/ST/AI/Lib\NetworkRuntime800_CM4_GCC.a(ai_datatypes_format.o)
                0x000000000800c0e0                ai_array_get_byte_size
 .text.ai_array_get_data_byte_size
                0x000000000800c130       0x24 ../Middlewares/ST/AI/Lib\NetworkRuntime800_CM4_GCC.a(ai_datatypes_format.o)
                0x000000000800c130                ai_array_get_data_byte_size
 .text.__errno  0x000000000800c154        0xc d:/stm32cubeide_1.12.0/stm32cubeide/plugins/com.st.stm32cube.ide.mcu.externaltools.gnu-tools-for-stm32.10.3-2021.10.win32_1.0.200.202301161003/tools/bin/../lib/gcc/arm-none-eabi/10.3.1/../../../../arm-none-eabi/lib/thumb/v7e-m+fp/hard\libc_nano.a(lib_a-errno.o)
                0x000000000800c154                __errno
 .text.std      0x000000000800c160       0x48 d:/stm32cubeide_1.12.0/stm32cubeide/plugins/com.st.stm32cube.ide.mcu.externaltools.gnu-tools-for-stm32.10.3-2021.10.win32_1.0.200.202301161003/tools/bin/../lib/gcc/arm-none-eabi/10.3.1/../../../../arm-none-eabi/lib/thumb/v7e-m+fp/hard\libc_nano.a(lib_a-findfp.o)
 .text._cleanup_r
                0x000000000800c1a8        0xc d:/stm32cubeide_1.12.0/stm32cubeide/plugins/com.st.stm32cube.ide.mcu.externaltools.gnu-tools-for-stm32.10.3-2021.10.win32_1.0.200.202301161003/tools/bin/../lib/gcc/arm-none-eabi/10.3.1/../../../../arm-none-eabi/lib/thumb/v7e-m+fp/hard\libc_nano.a(lib_a-findfp.o)
                0x000000000800c1a8                _cleanup_r
 .text.__sfmoreglue
                0x000000000800c1b4       0x2c d:/stm32cubeide_1.12.0/stm32cubeide/plugins/com.st.stm32cube.ide.mcu.externaltools.gnu-tools-for-stm32.10.3-2021.10.win32_1.0.200.202301161003/tools/bin/../lib/gcc/arm-none-eabi/10.3.1/../../../../arm-none-eabi/lib/thumb/v7e-m+fp/hard\libc_nano.a(lib_a-findfp.o)
                0x000000000800c1b4                __sfmoreglue
 .text.__sfp_lock_acquire
                0x000000000800c1e0        0xc d:/stm32cubeide_1.12.0/stm32cubeide/plugins/com.st.stm32cube.ide.mcu.externaltools.gnu-tools-for-stm32.10.3-2021.10.win32_1.0.200.202301161003/tools/bin/../lib/gcc/arm-none-eabi/10.3.1/../../../../arm-none-eabi/lib/thumb/v7e-m+fp/hard\libc_nano.a(lib_a-findfp.o)
                0x000000000800c1e0                __sfp_lock_acquire
 .text.__sfp_lock_release
                0x000000000800c1ec        0xc d:/stm32cubeide_1.12.0/stm32cubeide/plugins/com.st.stm32cube.ide.mcu.externaltools.gnu-tools-for-stm32.10.3-2021.10.win32_1.0.200.202301161003/tools/bin/../lib/gcc/arm-none-eabi/10.3.1/../../../../arm-none-eabi/lib/thumb/v7e-m+fp/hard\libc_nano.a(lib_a-findfp.o)
                0x000000000800c1ec                __sfp_lock_release
 .text.__sinit_lock_acquire
                0x000000000800c1f8        0xc d:/stm32cubeide_1.12.0/stm32cubeide/plugins/com.st.stm32cube.ide.mcu.externaltools.gnu-tools-for-stm32.10.3-2021.10.win32_1.0.200.202301161003/tools/bin/../lib/gcc/arm-none-eabi/10.3.1/../../../../arm-none-eabi/lib/thumb/v7e-m+fp/hard\libc_nano.a(lib_a-findfp.o)
                0x000000000800c1f8                __sinit_lock_acquire
 .text.__sinit_lock_release
                0x000000000800c204        0xc d:/stm32cubeide_1.12.0/stm32cubeide/plugins/com.st.stm32cube.ide.mcu.externaltools.gnu-tools-for-stm32.10.3-2021.10.win32_1.0.200.202301161003/tools/bin/../lib/gcc/arm-none-eabi/10.3.1/../../../../arm-none-eabi/lib/thumb/v7e-m+fp/hard\libc_nano.a(lib_a-findfp.o)
                0x000000000800c204                __sinit_lock_release
 .text.__sinit  0x000000000800c210       0x70 d:/stm32cubeide_1.12.0/stm32cubeide/plugins/com.st.stm32cube.ide.mcu.externaltools.gnu-tools-for-stm32.10.3-2021.10.win32_1.0.200.202301161003/tools/bin/../lib/gcc/arm-none-eabi/10.3.1/../../../../arm-none-eabi/lib/thumb/v7e-m+fp/hard\libc_nano.a(lib_a-findfp.o)
                0x000000000800c210                __sinit
 .text.__sfp    0x000000000800c280       0x8c d:/stm32cubeide_1.12.0/stm32cubeide/plugins/com.st.stm32cube.ide.mcu.externaltools.gnu-tools-for-stm32.10.3-2021.10.win32_1.0.200.202301161003/tools/bin/../lib/gcc/arm-none-eabi/10.3.1/../../../../arm-none-eabi/lib/thumb/v7e-m+fp/hard\libc_nano.a(lib_a-findfp.o)
                0x000000000800c280                __sfp
 .text._fwalk_reent
                0x000000000800c30c       0x3e d:/stm32cubeide_1.12.0/stm32cubeide/plugins/com.st.stm32cube.ide.mcu.externaltools.gnu-tools-for-stm32.10.3-2021.10.win32_1.0.200.202301161003/tools/bin/../lib/gcc/arm-none-eabi/10.3.1/../../../../arm-none-eabi/lib/thumb/v7e-m+fp/hard\libc_nano.a(lib_a-fwalk.o)
                0x000000000800c30c                _fwalk_reent
 *fill*         0x000000000800c34a        0x2 
 .text.__libc_init_array
                0x000000000800c34c       0x48 d:/stm32cubeide_1.12.0/stm32cubeide/plugins/com.st.stm32cube.ide.mcu.externaltools.gnu-tools-for-stm32.10.3-2021.10.win32_1.0.200.202301161003/tools/bin/../lib/gcc/arm-none-eabi/10.3.1/../../../../arm-none-eabi/lib/thumb/v7e-m+fp/hard\libc_nano.a(lib_a-init.o)
                0x000000000800c34c                __libc_init_array
 .text.__retarget_lock_init_recursive
                0x000000000800c394        0x2 d:/stm32cubeide_1.12.0/stm32cubeide/plugins/com.st.stm32cube.ide.mcu.externaltools.gnu-tools-for-stm32.10.3-2021.10.win32_1.0.200.202301161003/tools/bin/../lib/gcc/arm-none-eabi/10.3.1/../../../../arm-none-eabi/lib/thumb/v7e-m+fp/hard\libc_nano.a(lib_a-lock.o)
                0x000000000800c394                __retarget_lock_init_recursive
 .text.__retarget_lock_acquire_recursive
                0x000000000800c396        0x2 d:/stm32cubeide_1.12.0/stm32cubeide/plugins/com.st.stm32cube.ide.mcu.externaltools.gnu-tools-for-stm32.10.3-2021.10.win32_1.0.200.202301161003/tools/bin/../lib/gcc/arm-none-eabi/10.3.1/../../../../arm-none-eabi/lib/thumb/v7e-m+fp/hard\libc_nano.a(lib_a-lock.o)
                0x000000000800c396                __retarget_lock_acquire_recursive
 .text.__retarget_lock_release_recursive
                0x000000000800c398        0x2 d:/stm32cubeide_1.12.0/stm32cubeide/plugins/com.st.stm32cube.ide.mcu.externaltools.gnu-tools-for-stm32.10.3-2021.10.win32_1.0.200.202301161003/tools/bin/../lib/gcc/arm-none-eabi/10.3.1/../../../../arm-none-eabi/lib/thumb/v7e-m+fp/hard\libc_nano.a(lib_a-lock.o)
                0x000000000800c398                __retarget_lock_release_recursive
 *fill*         0x000000000800c39a        0x2 
 .text.malloc   0x000000000800c39c       0x10 d:/stm32cubeide_1.12.0/stm32cubeide/plugins/com.st.stm32cube.ide.mcu.externaltools.gnu-tools-for-stm32.10.3-2021.10.win32_1.0.200.202301161003/tools/bin/../lib/gcc/arm-none-eabi/10.3.1/../../../../arm-none-eabi/lib/thumb/v7e-m+fp/hard\libc_nano.a(lib_a-malloc.o)
                0x000000000800c39c                malloc
 .text.memcpy   0x000000000800c3ac       0x1c d:/stm32cubeide_1.12.0/stm32cubeide/plugins/com.st.stm32cube.ide.mcu.externaltools.gnu-tools-for-stm32.10.3-2021.10.win32_1.0.200.202301161003/tools/bin/../lib/gcc/arm-none-eabi/10.3.1/../../../../arm-none-eabi/lib/thumb/v7e-m+fp/hard\libc_nano.a(lib_a-memcpy-stub.o)
                0x000000000800c3ac                memcpy
 .text.memset   0x000000000800c3c8       0x10 d:/stm32cubeide_1.12.0/stm32cubeide/plugins/com.st.stm32cube.ide.mcu.externaltools.gnu-tools-for-stm32.10.3-2021.10.win32_1.0.200.202301161003/tools/bin/../lib/gcc/arm-none-eabi/10.3.1/../../../../arm-none-eabi/lib/thumb/v7e-m+fp/hard\libc_nano.a(lib_a-memset.o)
                0x000000000800c3c8                memset
 .text._free_r  0x000000000800c3d8       0x98 d:/stm32cubeide_1.12.0/stm32cubeide/plugins/com.st.stm32cube.ide.mcu.externaltools.gnu-tools-for-stm32.10.3-2021.10.win32_1.0.200.202301161003/tools/bin/../lib/gcc/arm-none-eabi/10.3.1/../../../../arm-none-eabi/lib/thumb/v7e-m+fp/hard\libc_nano.a(lib_a-nano-freer.o)
                0x000000000800c3d8                _free_r
 .text.sbrk_aligned
                0x000000000800c470       0x40 d:/stm32cubeide_1.12.0/stm32cubeide/plugins/com.st.stm32cube.ide.mcu.externaltools.gnu-tools-for-stm32.10.3-2021.10.win32_1.0.200.202301161003/tools/bin/../lib/gcc/arm-none-eabi/10.3.1/../../../../arm-none-eabi/lib/thumb/v7e-m+fp/hard\libc_nano.a(lib_a-nano-mallocr.o)
 .text._malloc_r
                0x000000000800c4b0       0xe8 d:/stm32cubeide_1.12.0/stm32cubeide/plugins/com.st.stm32cube.ide.mcu.externaltools.gnu-tools-for-stm32.10.3-2021.10.win32_1.0.200.202301161003/tools/bin/../lib/gcc/arm-none-eabi/10.3.1/../../../../arm-none-eabi/lib/thumb/v7e-m+fp/hard\libc_nano.a(lib_a-nano-mallocr.o)
                0x000000000800c4b0                _malloc_r
 .text.__cvt    0x000000000800c598       0xc4 d:/stm32cubeide_1.12.0/stm32cubeide/plugins/com.st.stm32cube.ide.mcu.externaltools.gnu-tools-for-stm32.10.3-2021.10.win32_1.0.200.202301161003/tools/bin/../lib/gcc/arm-none-eabi/10.3.1/../../../../arm-none-eabi/lib/thumb/v7e-m+fp/hard\libc_nano.a(lib_a-nano-vfprintf_float.o)
                0x000000000800c598                __cvt
 .text.__exponent
                0x000000000800c65c       0x7c d:/stm32cubeide_1.12.0/stm32cubeide/plugins/com.st.stm32cube.ide.mcu.externaltools.gnu-tools-for-stm32.10.3-2021.10.win32_1.0.200.202301161003/tools/bin/../lib/gcc/arm-none-eabi/10.3.1/../../../../arm-none-eabi/lib/thumb/v7e-m+fp/hard\libc_nano.a(lib_a-nano-vfprintf_float.o)
                0x000000000800c65c                __exponent
 .text._printf_float
                0x000000000800c6d8      0x46c d:/stm32cubeide_1.12.0/stm32cubeide/plugins/com.st.stm32cube.ide.mcu.externaltools.gnu-tools-for-stm32.10.3-2021.10.win32_1.0.200.202301161003/tools/bin/../lib/gcc/arm-none-eabi/10.3.1/../../../../arm-none-eabi/lib/thumb/v7e-m+fp/hard\libc_nano.a(lib_a-nano-vfprintf_float.o)
                0x000000000800c6d8                _printf_float
 .text._printf_common
                0x000000000800cb44       0xda d:/stm32cubeide_1.12.0/stm32cubeide/plugins/com.st.stm32cube.ide.mcu.externaltools.gnu-tools-for-stm32.10.3-2021.10.win32_1.0.200.202301161003/tools/bin/../lib/gcc/arm-none-eabi/10.3.1/../../../../arm-none-eabi/lib/thumb/v7e-m+fp/hard\libc_nano.a(lib_a-nano-vfprintf_i.o)
                0x000000000800cb44                _printf_common
 *fill*         0x000000000800cc1e        0x2 
 .text._printf_i
                0x000000000800cc20      0x24c d:/stm32cubeide_1.12.0/stm32cubeide/plugins/com.st.stm32cube.ide.mcu.externaltools.gnu-tools-for-stm32.10.3-2021.10.win32_1.0.200.202301161003/tools/bin/../lib/gcc/arm-none-eabi/10.3.1/../../../../arm-none-eabi/lib/thumb/v7e-m+fp/hard\libc_nano.a(lib_a-nano-vfprintf_i.o)
                0x000000000800cc20                _printf_i
 .text._sbrk_r  0x000000000800ce6c       0x20 d:/stm32cubeide_1.12.0/stm32cubeide/plugins/com.st.stm32cube.ide.mcu.externaltools.gnu-tools-for-stm32.10.3-2021.10.win32_1.0.200.202301161003/tools/bin/../lib/gcc/arm-none-eabi/10.3.1/../../../../arm-none-eabi/lib/thumb/v7e-m+fp/hard\libc_nano.a(lib_a-sbrkr.o)
                0x000000000800ce6c                _sbrk_r
 .text.snprintf
                0x000000000800ce8c       0x68 d:/stm32cubeide_1.12.0/stm32cubeide/plugins/com.st.stm32cube.ide.mcu.externaltools.gnu-tools-for-stm32.10.3-2021.10.win32_1.0.200.202301161003/tools/bin/../lib/gcc/arm-none-eabi/10.3.1/../../../../arm-none-eabi/lib/thumb/v7e-m+fp/hard\libc_nano.a(lib_a-snprintf.o)
                0x000000000800ce8c                sniprintf
                0x000000000800ce8c                snprintf
 .text.sprintf  0x000000000800cef4       0x40 d:/stm32cubeide_1.12.0/stm32cubeide/plugins/com.st.stm32cube.ide.mcu.externaltools.gnu-tools-for-stm32.10.3-2021.10.win32_1.0.200.202301161003/tools/bin/../lib/gcc/arm-none-eabi/10.3.1/../../../../arm-none-eabi/lib/thumb/v7e-m+fp/hard\libc_nano.a(lib_a-sprintf.o)
                0x000000000800cef4                siprintf
                0x000000000800cef4                sprintf
 .text.__sread  0x000000000800cf34       0x22 d:/stm32cubeide_1.12.0/stm32cubeide/plugins/com.st.stm32cube.ide.mcu.externaltools.gnu-tools-for-stm32.10.3-2021.10.win32_1.0.200.202301161003/tools/bin/../lib/gcc/arm-none-eabi/10.3.1/../../../../arm-none-eabi/lib/thumb/v7e-m+fp/hard\libc_nano.a(lib_a-stdio.o)
                0x000000000800cf34                __sread
 .text.__swrite
                0x000000000800cf56       0x38 d:/stm32cubeide_1.12.0/stm32cubeide/plugins/com.st.stm32cube.ide.mcu.externaltools.gnu-tools-for-stm32.10.3-2021.10.win32_1.0.200.202301161003/tools/bin/../lib/gcc/arm-none-eabi/10.3.1/../../../../arm-none-eabi/lib/thumb/v7e-m+fp/hard\libc_nano.a(lib_a-stdio.o)
                0x000000000800cf56                __swrite
 .text.__sseek  0x000000000800cf8e       0x24 d:/stm32cubeide_1.12.0/stm32cubeide/plugins/com.st.stm32cube.ide.mcu.externaltools.gnu-tools-for-stm32.10.3-2021.10.win32_1.0.200.202301161003/tools/bin/../lib/gcc/arm-none-eabi/10.3.1/../../../../arm-none-eabi/lib/thumb/v7e-m+fp/hard\libc_nano.a(lib_a-stdio.o)
                0x000000000800cf8e                __sseek
 .text.__sclose
                0x000000000800cfb2        0x8 d:/stm32cubeide_1.12.0/stm32cubeide/plugins/com.st.stm32cube.ide.mcu.externaltools.gnu-tools-for-stm32.10.3-2021.10.win32_1.0.200.202301161003/tools/bin/../lib/gcc/arm-none-eabi/10.3.1/../../../../arm-none-eabi/lib/thumb/v7e-m+fp/hard\libc_nano.a(lib_a-stdio.o)
                0x000000000800cfb2                __sclose
 .text.strcat   0x000000000800cfba       0x1e d:/stm32cubeide_1.12.0/stm32cubeide/plugins/com.st.stm32cube.ide.mcu.externaltools.gnu-tools-for-stm32.10.3-2021.10.win32_1.0.200.202301161003/tools/bin/../lib/gcc/arm-none-eabi/10.3.1/../../../../arm-none-eabi/lib/thumb/v7e-m+fp/hard\libc_nano.a(lib_a-strcat.o)
                0x000000000800cfba                strcat
 .text.strchr   0x000000000800cfd8       0x1a d:/stm32cubeide_1.12.0/stm32cubeide/plugins/com.st.stm32cube.ide.mcu.externaltools.gnu-tools-for-stm32.10.3-2021.10.win32_1.0.200.202301161003/tools/bin/../lib/gcc/arm-none-eabi/10.3.1/../../../../arm-none-eabi/lib/thumb/v7e-m+fp/hard\libc_nano.a(lib_a-strchr.o)
                0x000000000800cfd8                strchr
 .text.strcpy   0x000000000800cff2       0x10 d:/stm32cubeide_1.12.0/stm32cubeide/plugins/com.st.stm32cube.ide.mcu.externaltools.gnu-tools-for-stm32.10.3-2021.10.win32_1.0.200.202301161003/tools/bin/../lib/gcc/arm-none-eabi/10.3.1/../../../../arm-none-eabi/lib/thumb/v7e-m+fp/hard\libc_nano.a(lib_a-strcpy.o)
                0x000000000800cff2                strcpy
 .text.strstr   0x000000000800d002       0x2c d:/stm32cubeide_1.12.0/stm32cubeide/plugins/com.st.stm32cube.ide.mcu.externaltools.gnu-tools-for-stm32.10.3-2021.10.win32_1.0.200.202301161003/tools/bin/../lib/gcc/arm-none-eabi/10.3.1/../../../../arm-none-eabi/lib/thumb/v7e-m+fp/hard\libc_nano.a(lib_a-strstr.o)
                0x000000000800d002                strstr
 *fill*         0x000000000800d02e        0x2 
 .text.__swbuf_r
                0x000000000800d030       0xa4 d:/stm32cubeide_1.12.0/stm32cubeide/plugins/com.st.stm32cube.ide.mcu.externaltools.gnu-tools-for-stm32.10.3-2021.10.win32_1.0.200.202301161003/tools/bin/../lib/gcc/arm-none-eabi/10.3.1/../../../../arm-none-eabi/lib/thumb/v7e-m+fp/hard\libc_nano.a(lib_a-wbuf.o)
                0x000000000800d030                __swbuf_r
 .text._write_r
                0x000000000800d0d4       0x24 d:/stm32cubeide_1.12.0/stm32cubeide/plugins/com.st.stm32cube.ide.mcu.externaltools.gnu-tools-for-stm32.10.3-2021.10.win32_1.0.200.202301161003/tools/bin/../lib/gcc/arm-none-eabi/10.3.1/../../../../arm-none-eabi/lib/thumb/v7e-m+fp/hard\libc_nano.a(lib_a-writer.o)
                0x000000000800d0d4                _write_r
 .text.__swsetup_r
                0x000000000800d0f8       0xdc d:/stm32cubeide_1.12.0/stm32cubeide/plugins/com.st.stm32cube.ide.mcu.externaltools.gnu-tools-for-stm32.10.3-2021.10.win32_1.0.200.202301161003/tools/bin/../lib/gcc/arm-none-eabi/10.3.1/../../../../arm-none-eabi/lib/thumb/v7e-m+fp/hard\libc_nano.a(lib_a-wsetup.o)
                0x000000000800d0f8                __swsetup_r
 .text.__assert_func
                0x000000000800d1d4       0x3c d:/stm32cubeide_1.12.0/stm32cubeide/plugins/com.st.stm32cube.ide.mcu.externaltools.gnu-tools-for-stm32.10.3-2021.10.win32_1.0.200.202301161003/tools/bin/../lib/gcc/arm-none-eabi/10.3.1/../../../../arm-none-eabi/lib/thumb/v7e-m+fp/hard\libc_nano.a(lib_a-assert.o)
                0x000000000800d1d4                __assert_func
 .text._close_r
                0x000000000800d210       0x20 d:/stm32cubeide_1.12.0/stm32cubeide/plugins/com.st.stm32cube.ide.mcu.externaltools.gnu-tools-for-stm32.10.3-2021.10.win32_1.0.200.202301161003/tools/bin/../lib/gcc/arm-none-eabi/10.3.1/../../../../arm-none-eabi/lib/thumb/v7e-m+fp/hard\libc_nano.a(lib_a-closer.o)
                0x000000000800d210                _close_r
 .text.quorem   0x000000000800d230      0x116 d:/stm32cubeide_1.12.0/stm32cubeide/plugins/com.st.stm32cube.ide.mcu.externaltools.gnu-tools-for-stm32.10.3-2021.10.win32_1.0.200.202301161003/tools/bin/../lib/gcc/arm-none-eabi/10.3.1/../../../../arm-none-eabi/lib/thumb/v7e-m+fp/hard\libc_nano.a(lib_a-dtoa.o)
 *fill*         0x000000000800d346        0x2 
 .text._dtoa_r  0x000000000800d348      0xbdc d:/stm32cubeide_1.12.0/stm32cubeide/plugins/com.st.stm32cube.ide.mcu.externaltools.gnu-tools-for-stm32.10.3-2021.10.win32_1.0.200.202301161003/tools/bin/../lib/gcc/arm-none-eabi/10.3.1/../../../../arm-none-eabi/lib/thumb/v7e-m+fp/hard\libc_nano.a(lib_a-dtoa.o)
                0x000000000800d348                _dtoa_r
 .text.__sflush_r
                0x000000000800df24      0x10c d:/stm32cubeide_1.12.0/stm32cubeide/plugins/com.st.stm32cube.ide.mcu.externaltools.gnu-tools-for-stm32.10.3-2021.10.win32_1.0.200.202301161003/tools/bin/../lib/gcc/arm-none-eabi/10.3.1/../../../../arm-none-eabi/lib/thumb/v7e-m+fp/hard\libc_nano.a(lib_a-fflush.o)
                0x000000000800df24                __sflush_r
 .text._fflush_r
                0x000000000800e030       0x78 d:/stm32cubeide_1.12.0/stm32cubeide/plugins/com.st.stm32cube.ide.mcu.externaltools.gnu-tools-for-stm32.10.3-2021.10.win32_1.0.200.202301161003/tools/bin/../lib/gcc/arm-none-eabi/10.3.1/../../../../arm-none-eabi/lib/thumb/v7e-m+fp/hard\libc_nano.a(lib_a-fflush.o)
                0x000000000800e030                _fflush_r
 .text.fprintf  0x000000000800e0a8       0x24 d:/stm32cubeide_1.12.0/stm32cubeide/plugins/com.st.stm32cube.ide.mcu.externaltools.gnu-tools-for-stm32.10.3-2021.10.win32_1.0.200.202301161003/tools/bin/../lib/gcc/arm-none-eabi/10.3.1/../../../../arm-none-eabi/lib/thumb/v7e-m+fp/hard\libc_nano.a(lib_a-fprintf.o)
                0x000000000800e0a8                fiprintf
                0x000000000800e0a8                fprintf
 .text._localeconv_r
                0x000000000800e0cc        0x8 d:/stm32cubeide_1.12.0/stm32cubeide/plugins/com.st.stm32cube.ide.mcu.externaltools.gnu-tools-for-stm32.10.3-2021.10.win32_1.0.200.202301161003/tools/bin/../lib/gcc/arm-none-eabi/10.3.1/../../../../arm-none-eabi/lib/thumb/v7e-m+fp/hard\libc_nano.a(lib_a-localeconv.o)
                0x000000000800e0cc                _localeconv_r
 .text._lseek_r
                0x000000000800e0d4       0x24 d:/stm32cubeide_1.12.0/stm32cubeide/plugins/com.st.stm32cube.ide.mcu.externaltools.gnu-tools-for-stm32.10.3-2021.10.win32_1.0.200.202301161003/tools/bin/../lib/gcc/arm-none-eabi/10.3.1/../../../../arm-none-eabi/lib/thumb/v7e-m+fp/hard\libc_nano.a(lib_a-lseekr.o)
                0x000000000800e0d4                _lseek_r
 .text.__swhatbuf_r
                0x000000000800e0f8       0x4a d:/stm32cubeide_1.12.0/stm32cubeide/plugins/com.st.stm32cube.ide.mcu.externaltools.gnu-tools-for-stm32.10.3-2021.10.win32_1.0.200.202301161003/tools/bin/../lib/gcc/arm-none-eabi/10.3.1/../../../../arm-none-eabi/lib/thumb/v7e-m+fp/hard\libc_nano.a(lib_a-makebuf.o)
                0x000000000800e0f8                __swhatbuf_r
 *fill*         0x000000000800e142        0x2 
 .text.__smakebuf_r
                0x000000000800e144       0x80 d:/stm32cubeide_1.12.0/stm32cubeide/plugins/com.st.stm32cube.ide.mcu.externaltools.gnu-tools-for-stm32.10.3-2021.10.win32_1.0.200.202301161003/tools/bin/../lib/gcc/arm-none-eabi/10.3.1/../../../../arm-none-eabi/lib/thumb/v7e-m+fp/hard\libc_nano.a(lib_a-makebuf.o)
                0x000000000800e144                __smakebuf_r
 .text.__malloc_lock
                0x000000000800e1c4        0xc d:/stm32cubeide_1.12.0/stm32cubeide/plugins/com.st.stm32cube.ide.mcu.externaltools.gnu-tools-for-stm32.10.3-2021.10.win32_1.0.200.202301161003/tools/bin/../lib/gcc/arm-none-eabi/10.3.1/../../../../arm-none-eabi/lib/thumb/v7e-m+fp/hard\libc_nano.a(lib_a-mlock.o)
                0x000000000800e1c4                __malloc_lock
 .text.__malloc_unlock
                0x000000000800e1d0        0xc d:/stm32cubeide_1.12.0/stm32cubeide/plugins/com.st.stm32cube.ide.mcu.externaltools.gnu-tools-for-stm32.10.3-2021.10.win32_1.0.200.202301161003/tools/bin/../lib/gcc/arm-none-eabi/10.3.1/../../../../arm-none-eabi/lib/thumb/v7e-m+fp/hard\libc_nano.a(lib_a-mlock.o)
                0x000000000800e1d0                __malloc_unlock
 .text._Balloc  0x000000000800e1dc       0x80 d:/stm32cubeide_1.12.0/stm32cubeide/plugins/com.st.stm32cube.ide.mcu.externaltools.gnu-tools-for-stm32.10.3-2021.10.win32_1.0.200.202301161003/tools/bin/../lib/gcc/arm-none-eabi/10.3.1/../../../../arm-none-eabi/lib/thumb/v7e-m+fp/hard\libc_nano.a(lib_a-mprec.o)
                0x000000000800e1dc                _Balloc
 .text._Bfree   0x000000000800e25c       0x44 d:/stm32cubeide_1.12.0/stm32cubeide/plugins/com.st.stm32cube.ide.mcu.externaltools.gnu-tools-for-stm32.10.3-2021.10.win32_1.0.200.202301161003/tools/bin/../lib/gcc/arm-none-eabi/10.3.1/../../../../arm-none-eabi/lib/thumb/v7e-m+fp/hard\libc_nano.a(lib_a-mprec.o)
                0x000000000800e25c                _Bfree
 .text.__multadd
                0x000000000800e2a0       0x8c d:/stm32cubeide_1.12.0/stm32cubeide/plugins/com.st.stm32cube.ide.mcu.externaltools.gnu-tools-for-stm32.10.3-2021.10.win32_1.0.200.202301161003/tools/bin/../lib/gcc/arm-none-eabi/10.3.1/../../../../arm-none-eabi/lib/thumb/v7e-m+fp/hard\libc_nano.a(lib_a-mprec.o)
                0x000000000800e2a0                __multadd
 .text.__hi0bits
                0x000000000800e32c       0x40 d:/stm32cubeide_1.12.0/stm32cubeide/plugins/com.st.stm32cube.ide.mcu.externaltools.gnu-tools-for-stm32.10.3-2021.10.win32_1.0.200.202301161003/tools/bin/../lib/gcc/arm-none-eabi/10.3.1/../../../../arm-none-eabi/lib/thumb/v7e-m+fp/hard\libc_nano.a(lib_a-mprec.o)
                0x000000000800e32c                __hi0bits
 .text.__lo0bits
                0x000000000800e36c       0x5e d:/stm32cubeide_1.12.0/stm32cubeide/plugins/com.st.stm32cube.ide.mcu.externaltools.gnu-tools-for-stm32.10.3-2021.10.win32_1.0.200.202301161003/tools/bin/../lib/gcc/arm-none-eabi/10.3.1/../../../../arm-none-eabi/lib/thumb/v7e-m+fp/hard\libc_nano.a(lib_a-mprec.o)
                0x000000000800e36c                __lo0bits
 *fill*         0x000000000800e3ca        0x2 
 .text.__i2b    0x000000000800e3cc       0x2c d:/stm32cubeide_1.12.0/stm32cubeide/plugins/com.st.stm32cube.ide.mcu.externaltools.gnu-tools-for-stm32.10.3-2021.10.win32_1.0.200.202301161003/tools/bin/../lib/gcc/arm-none-eabi/10.3.1/../../../../arm-none-eabi/lib/thumb/v7e-m+fp/hard\libc_nano.a(lib_a-mprec.o)
                0x000000000800e3cc                __i2b
 .text.__multiply
                0x000000000800e3f8      0x154 d:/stm32cubeide_1.12.0/stm32cubeide/plugins/com.st.stm32cube.ide.mcu.externaltools.gnu-tools-for-stm32.10.3-2021.10.win32_1.0.200.202301161003/tools/bin/../lib/gcc/arm-none-eabi/10.3.1/../../../../arm-none-eabi/lib/thumb/v7e-m+fp/hard\libc_nano.a(lib_a-mprec.o)
                0x000000000800e3f8                __multiply
 .text.__pow5mult
                0x000000000800e54c       0xb4 d:/stm32cubeide_1.12.0/stm32cubeide/plugins/com.st.stm32cube.ide.mcu.externaltools.gnu-tools-for-stm32.10.3-2021.10.win32_1.0.200.202301161003/tools/bin/../lib/gcc/arm-none-eabi/10.3.1/../../../../arm-none-eabi/lib/thumb/v7e-m+fp/hard\libc_nano.a(lib_a-mprec.o)
                0x000000000800e54c                __pow5mult
 .text.__lshift
                0x000000000800e600       0xe0 d:/stm32cubeide_1.12.0/stm32cubeide/plugins/com.st.stm32cube.ide.mcu.externaltools.gnu-tools-for-stm32.10.3-2021.10.win32_1.0.200.202301161003/tools/bin/../lib/gcc/arm-none-eabi/10.3.1/../../../../arm-none-eabi/lib/thumb/v7e-m+fp/hard\libc_nano.a(lib_a-mprec.o)
                0x000000000800e600                __lshift
 .text.__mcmp   0x000000000800e6e0       0x38 d:/stm32cubeide_1.12.0/stm32cubeide/plugins/com.st.stm32cube.ide.mcu.externaltools.gnu-tools-for-stm32.10.3-2021.10.win32_1.0.200.202301161003/tools/bin/../lib/gcc/arm-none-eabi/10.3.1/../../../../arm-none-eabi/lib/thumb/v7e-m+fp/hard\libc_nano.a(lib_a-mprec.o)
                0x000000000800e6e0                __mcmp
 .text.__mdiff  0x000000000800e718      0x114 d:/stm32cubeide_1.12.0/stm32cubeide/plugins/com.st.stm32cube.ide.mcu.externaltools.gnu-tools-for-stm32.10.3-2021.10.win32_1.0.200.202301161003/tools/bin/../lib/gcc/arm-none-eabi/10.3.1/../../../../arm-none-eabi/lib/thumb/v7e-m+fp/hard\libc_nano.a(lib_a-mprec.o)
                0x000000000800e718                __mdiff
 .text.__d2b    0x000000000800e82c       0xb8 d:/stm32cubeide_1.12.0/stm32cubeide/plugins/com.st.stm32cube.ide.mcu.externaltools.gnu-tools-for-stm32.10.3-2021.10.win32_1.0.200.202301161003/tools/bin/../lib/gcc/arm-none-eabi/10.3.1/../../../../arm-none-eabi/lib/thumb/v7e-m+fp/hard\libc_nano.a(lib_a-mprec.o)
                0x000000000800e82c                __d2b
 .text._calloc_r
                0x000000000800e8e4       0x2c d:/stm32cubeide_1.12.0/stm32cubeide/plugins/com.st.stm32cube.ide.mcu.externaltools.gnu-tools-for-stm32.10.3-2021.10.win32_1.0.200.202301161003/tools/bin/../lib/gcc/arm-none-eabi/10.3.1/../../../../arm-none-eabi/lib/thumb/v7e-m+fp/hard\libc_nano.a(lib_a-nano-callocr.o)
                0x000000000800e8e4                _calloc_r
 .text._realloc_r
                0x000000000800e910       0x5e d:/stm32cubeide_1.12.0/stm32cubeide/plugins/com.st.stm32cube.ide.mcu.externaltools.gnu-tools-for-stm32.10.3-2021.10.win32_1.0.200.202301161003/tools/bin/../lib/gcc/arm-none-eabi/10.3.1/../../../../arm-none-eabi/lib/thumb/v7e-m+fp/hard\libc_nano.a(lib_a-nano-reallocr.o)
                0x000000000800e910                _realloc_r
 .text.__ssputs_r