../Core/Src/hal_config.c:15:6:Error_Handler	8	static
../Core/Src/hal_config.c:27:6:HAL_GPIO_EXTI_Callback	24	static
../Core/Src/hal_config.c:119:6:timerDelay	24	static
../Core/Src/hal_config.c:133:13:MX_GPIO_Init	40	static
../Core/Src/hal_config.c:163:13:MX_SPI3_Init	8	static
../Core/Src/hal_config.c:197:6:MX_RTC_Init	32	static
../Core/Src/hal_config.c:257:6:hal_Init	104	static
../Core/Src/hal_config.c:359:6:HAL_TIM_Base_MspInit	32	static
../Core/Src/hal_config.c:383:6:HAL_TIM_PeriodElapsedCallback	16	static
../Core/Src/hal_config.c:399:6:TIM1_UP_TIM16_IRQHandler	8	static
../Core/Src/hal_config.c:403:6:TIM2_IRQHandler	8	static
